Archive member included to satisfy reference by file (symbol)

c:/program files/avr8-gnu-toolchain-win32_x86/bin/../lib/gcc/avr/5.4.0/../../../../avr/lib/avrxmega7\libm.a(ceil.o)
                              Bin/NFC_Command.o (ceil)
c:/program files/avr8-gnu-toolchain-win32_x86/bin/../lib/gcc/avr/5.4.0/../../../../avr/lib/avrxmega7\libm.a(divsf3.o)
                              Bin/NFC_Command.o (__divsf3)
c:/program files/avr8-gnu-toolchain-win32_x86/bin/../lib/gcc/avr/5.4.0/../../../../avr/lib/avrxmega7\libm.a(divsf3x.o)
                              c:/program files/avr8-gnu-toolchain-win32_x86/bin/../lib/gcc/avr/5.4.0/../../../../avr/lib/avrxmega7\libm.a(divsf3.o) (__divsf3x)
c:/program files/avr8-gnu-toolchain-win32_x86/bin/../lib/gcc/avr/5.4.0/../../../../avr/lib/avrxmega7\libm.a(fixunssfsi.o)
                              Bin/NFC_Command.o (__fixunssfsi)
c:/program files/avr8-gnu-toolchain-win32_x86/bin/../lib/gcc/avr/5.4.0/../../../../avr/lib/avrxmega7\libm.a(floatsisf.o)
                              Bin/NFC_Command.o (__floatunsisf)
c:/program files/avr8-gnu-toolchain-win32_x86/bin/../lib/gcc/avr/5.4.0/../../../../avr/lib/avrxmega7\libm.a(fp_inf.o)
                              c:/program files/avr8-gnu-toolchain-win32_x86/bin/../lib/gcc/avr/5.4.0/../../../../avr/lib/avrxmega7\libm.a(divsf3x.o) (__fp_inf)
c:/program files/avr8-gnu-toolchain-win32_x86/bin/../lib/gcc/avr/5.4.0/../../../../avr/lib/avrxmega7\libm.a(fp_mintl.o)
                              c:/program files/avr8-gnu-toolchain-win32_x86/bin/../lib/gcc/avr/5.4.0/../../../../avr/lib/avrxmega7\libm.a(ceil.o) (__fp_mintl)
c:/program files/avr8-gnu-toolchain-win32_x86/bin/../lib/gcc/avr/5.4.0/../../../../avr/lib/avrxmega7\libm.a(fp_mpack.o)
                              c:/program files/avr8-gnu-toolchain-win32_x86/bin/../lib/gcc/avr/5.4.0/../../../../avr/lib/avrxmega7\libm.a(ceil.o) (__fp_mpack)
c:/program files/avr8-gnu-toolchain-win32_x86/bin/../lib/gcc/avr/5.4.0/../../../../avr/lib/avrxmega7\libm.a(fp_nan.o)
                              c:/program files/avr8-gnu-toolchain-win32_x86/bin/../lib/gcc/avr/5.4.0/../../../../avr/lib/avrxmega7\libm.a(divsf3x.o) (__fp_nan)
c:/program files/avr8-gnu-toolchain-win32_x86/bin/../lib/gcc/avr/5.4.0/../../../../avr/lib/avrxmega7\libm.a(fp_pscA.o)
                              c:/program files/avr8-gnu-toolchain-win32_x86/bin/../lib/gcc/avr/5.4.0/../../../../avr/lib/avrxmega7\libm.a(divsf3x.o) (__fp_pscA)
c:/program files/avr8-gnu-toolchain-win32_x86/bin/../lib/gcc/avr/5.4.0/../../../../avr/lib/avrxmega7\libm.a(fp_pscB.o)
                              c:/program files/avr8-gnu-toolchain-win32_x86/bin/../lib/gcc/avr/5.4.0/../../../../avr/lib/avrxmega7\libm.a(divsf3x.o) (__fp_pscB)
c:/program files/avr8-gnu-toolchain-win32_x86/bin/../lib/gcc/avr/5.4.0/../../../../avr/lib/avrxmega7\libm.a(fp_round.o)
                              c:/program files/avr8-gnu-toolchain-win32_x86/bin/../lib/gcc/avr/5.4.0/../../../../avr/lib/avrxmega7\libm.a(divsf3.o) (__fp_round)
c:/program files/avr8-gnu-toolchain-win32_x86/bin/../lib/gcc/avr/5.4.0/../../../../avr/lib/avrxmega7\libm.a(fp_split3.o)
                              c:/program files/avr8-gnu-toolchain-win32_x86/bin/../lib/gcc/avr/5.4.0/../../../../avr/lib/avrxmega7\libm.a(divsf3x.o) (__fp_split3)
c:/program files/avr8-gnu-toolchain-win32_x86/bin/../lib/gcc/avr/5.4.0/../../../../avr/lib/avrxmega7\libm.a(fp_trunc.o)
                              c:/program files/avr8-gnu-toolchain-win32_x86/bin/../lib/gcc/avr/5.4.0/../../../../avr/lib/avrxmega7\libm.a(ceil.o) (__fp_trunc)
c:/program files/avr8-gnu-toolchain-win32_x86/bin/../lib/gcc/avr/5.4.0/../../../../avr/lib/avrxmega7\libm.a(fp_zero.o)
                              c:/program files/avr8-gnu-toolchain-win32_x86/bin/../lib/gcc/avr/5.4.0/../../../../avr/lib/avrxmega7\libm.a(fixunssfsi.o) (__fp_zero)
c:/program files/avr8-gnu-toolchain-win32_x86/bin/../lib/gcc/avr/5.4.0/../../../../avr/lib/avrxmega7\libm.a(gesf2.o)
                              Bin/NFC_Command.o (__gtsf2)
c:/program files/avr8-gnu-toolchain-win32_x86/bin/../lib/gcc/avr/5.4.0/../../../../avr/lib/avrxmega7\libm.a(fp_cmp.o)
                              c:/program files/avr8-gnu-toolchain-win32_x86/bin/../lib/gcc/avr/5.4.0/../../../../avr/lib/avrxmega7\libm.a(gesf2.o) (__fp_cmp)
c:/program files/avr8-gnu-toolchain-win32_x86/bin/../lib/gcc/avr/5.4.0/avrxmega7\libgcc.a(_udivmodqi4.o)
                              Bin/Crypto1.o (__udivmodqi4)
c:/program files/avr8-gnu-toolchain-win32_x86/bin/../lib/gcc/avr/5.4.0/avrxmega7\libgcc.a(_udivmodhi4.o)
                              Bin/Commands.o (__udivmodhi4)
c:/program files/avr8-gnu-toolchain-win32_x86/bin/../lib/gcc/avr/5.4.0/avrxmega7\libgcc.a(_exit.o)
                              c:/program files/avr8-gnu-toolchain-win32_x86/bin/../lib/gcc/avr/5.4.0/../../../../avr/lib/avrxmega7/crtatxmega128a4u.o (exit)
[...]
Memory Configuration

Name             Origin             Length             Attributes
text             0x00000000         0x00100000         xr
data             0x00802000         0x0000ffa0         rw !x
eeprom           0x00810000         0x00010000         rw !x
fuse             0x00820000         0x00000006         rw !x
lock             0x00830000         0x00000400         rw !x
signature        0x00840000         0x00000400         rw !x
user_signatures  0x00850000         0x00000400         rw !x
*default*        0x00000000         0xffffffff

Linker script and memory map

LOAD c:/program files/avr8-gnu-toolchain-win32_x86/bin/../lib/gcc/avr/5.4.0/../../../../avr/lib/avrxmega7/crtatxmega128a4u.o
LOAD Bin/Chameleon-Mini.o
LOAD Bin/LUFADescriptors.o
LOAD Bin/System.o
LOAD Bin/ISRSharing.o
LOAD Bin/Configuration.o
LOAD Bin/Random.o
LOAD Bin/Common.o
LOAD Bin/Memory.o
LOAD Bin/MemoryAsm.o
LOAD Bin/Button.o
LOAD Bin/Log.o
LOAD Bin/Settings.o
LOAD Bin/LED.o
LOAD Bin/Map.o
LOAD Bin/AntennaLevel.o
LOAD Bin/Terminal.o
LOAD Bin/Commands.o
LOAD Bin/XModem.o
LOAD Bin/CommandLine.o
LOAD Bin/Codec.o
LOAD Bin/ISO14443-2A.o
LOAD Bin/Reader14443-2A.o
LOAD Bin/SniffISO14443-2A.o
LOAD Bin/Reader14443-ISR.o
LOAD Bin/MifareUltralight.o
LOAD Bin/MifareClassic.o
LOAD Bin/ISO14443-3A.o
LOAD Bin/Crypto1.o
LOAD Bin/Reader14443A.o
LOAD Bin/Sniff14443A.o
LOAD Bin/CryptoTDEA.o
LOAD Bin/NFC_Command.o
LOAD Bin/NTAG215.o
LOAD Bin/ISO15693.o
LOAD Bin/Vicinity.o
LOAD Bin/Sl2s2002.o
LOAD Bin/TITagitstandard.o
LOAD Bin/ISO15693-A.o
LOAD Bin/EM4233.o
LOAD Bin/HIDParser.o
LOAD Bin/ConfigDescriptors.o
LOAD Bin/DeviceStandardReq.o
LOAD Bin/Events.o
LOAD Bin/HostStandardReq.o
LOAD Bin/USBTask.o
LOAD Bin/Device_XMEGA.o
LOAD Bin/EndpointStream_XMEGA.o
LOAD Bin/Endpoint_XMEGA.o
LOAD Bin/Host_XMEGA.o
LOAD Bin/PipeStream_XMEGA.o
LOAD Bin/Pipe_XMEGA.o
LOAD Bin/USBController_XMEGA.o
LOAD Bin/USBInterrupt_XMEGA.o
LOAD Bin/AudioClassDevice.o
LOAD Bin/CDCClassDevice.o
LOAD Bin/HIDClassDevice.o
LOAD Bin/MassStorageClassDevice.o
LOAD Bin/MIDIClassDevice.o
LOAD Bin/PrinterClassDevice.o
LOAD Bin/RNDISClassDevice.o
LOAD Bin/AndroidAccessoryClassHost.o
LOAD Bin/AudioClassHost.o
LOAD Bin/CDCClassHost.o
LOAD Bin/HIDClassHost.o
LOAD Bin/MassStorageClassHost.o
LOAD Bin/MIDIClassHost.o
LOAD Bin/PrinterClassHost.o
LOAD Bin/RNDISClassHost.o
LOAD Bin/StillImageClassHost.o
LOAD c:/program files/avr8-gnu-toolchain-win32_x86/bin/../lib/gcc/avr/5.4.0/../../../../avr/lib/avrxmega7\libm.a
Address of section .flashdata set to 0x10000
Address of section .spmhelper set to 0x21fe0
START GROUP
LOAD c:/program files/avr8-gnu-toolchain-win32_x86/bin/../lib/gcc/avr/5.4.0/avrxmega7\libgcc.a
LOAD c:/program files/avr8-gnu-toolchain-win32_x86/bin/../lib/gcc/avr/5.4.0/../../../../avr/lib/avrxmega7\libm.a
LOAD c:/program files/avr8-gnu-toolchain-win32_x86/bin/../lib/gcc/avr/5.4.0/../../../../avr/lib/avrxmega7\libc.a
LOAD c:/program files/avr8-gnu-toolchain-win32_x86/bin/../lib/gcc/avr/5.4.0/../../../../avr/lib/avrxmega7\libatxmega128a4u.a
END GROUP
                0x00100000                __TEXT_REGION_LENGTH__ = DEFINED (__TEXT_REGION_LENGTH__)?__TEXT_REGION_LENGTH__:0x100000
                0x0000ffa0                __DATA_REGION_LENGTH__ = DEFINED (__DATA_REGION_LENGTH__)?__DATA_REGION_LENGTH__:0xffa0
                0x00010000                __EEPROM_REGION_LENGTH__ = DEFINED (__EEPROM_REGION_LENGTH__)?__EEPROM_REGION_LENGTH__:0x10000
                [0x00000006]                __FUSE_REGION_LENGTH__ = DEFINED (__FUSE_REGION_LENGTH__)?__FUSE_REGION_LENGTH__:0x400
                0x00000400                __LOCK_REGION_LENGTH__ = DEFINED (__LOCK_REGION_LENGTH__)?__LOCK_REGION_LENGTH__:0x400
                0x00000400                __SIGNATURE_REGION_LENGTH__ = DEFINED (__SIGNATURE_REGION_LENGTH__)?__SIGNATURE_REGION_LENGTH__:0x400
                0x00000400                __USER_SIGNATURE_REGION_LENGTH__ = DEFINED (__USER_SIGNATURE_REGION_LENGTH__)?__USER_SIGNATURE_REGION_LENGTH__:0x400

.hash
 *(.hash)

.dynsym
 *(.dynsym)

.dynstr
 *(.dynstr)

.gnu.version
 *(.gnu.version)

.gnu.version_d
 *(.gnu.version_d)

.gnu.version_r
 *(.gnu.version_r)

.rel.init
 *(.rel.init)

.rela.init
 *(.rela.init)

.rel.text
 *(.rel.text)
 *(.rel.text.*)
 *(.rel.gnu.linkonce.t*)

.rela.text
 *(.rela.text)
 *(.rela.text.*)
 *(.rela.gnu.linkonce.t*)

.rel.fini
 *(.rel.fini)

.rela.fini
 *(.rela.fini)

.rel.rodata
 *(.rel.rodata)
 *(.rel.rodata.*)
 *(.rel.gnu.linkonce.r*)

.rela.rodata
 *(.rela.rodata)
 *(.rela.rodata.*)
 *(.rela.gnu.linkonce.r*)

.rel.data
 *(.rel.data)
 *(.rel.data.*)
 *(.rel.gnu.linkonce.d*)

.rela.data
 *(.rela.data)
 *(.rela.data.*)
 *(.rela.gnu.linkonce.d*)

.rel.ctors
 *(.rel.ctors)

.rela.ctors
 *(.rela.ctors)

.rel.dtors
 *(.rel.dtors)

.rela.dtors
 *(.rela.dtors)

.rel.got
 *(.rel.got)

.rela.got
 *(.rela.got)

.rel.bss
 *(.rel.bss)

.rela.bss
 *(.rela.bss)

.rel.plt
 *(.rel.plt)

.rela.plt
 *(.rela.plt)

.text           0x00000000     0xff62
 *(.vectors)
 .vectors       0x00000000      0x1fc c:/program files/avr8-gnu-toolchain-win32_x86/bin/../lib/gcc/avr/5.4.0/../../../../avr/lib/avrxmega7/crtatxmega128a4u.o
                0x00000000                __vectors
 *(.vectors)
 *(.progmem.gcc*)
                0x000001fc                . = ALIGN (0x2)
                0x000001fc                __trampolines_start = .
 *(.trampolines)
 .trampolines   0x000001fc        0x0 linker stubs
 *(.trampolines*)
                0x000001fc                __trampolines_end = .
 *libprintf_flt.a:*(.progmem.data)
 *libc.a:*(.progmem.data)
 .progmem.data  0x000001fc        0xc c:/program files/avr8-gnu-toolchain-win32_x86/bin/../lib/gcc/avr/5.4.0/../../../../avr/lib/avrxmega7\libc.a(vfscanf_std.o)
 *(.progmem*)
 .progmem.data  0x00000208       0xa0 Bin/LUFADescriptors.o
                0x00000208                ProductString
                0x00000228                ManufacturerString
                0x00000254                LanguageString
                0x00000258                ConfigurationDescriptor
                0x00000296                DeviceDescriptor
 .progmem.data  0x000002a8      0x44e Bin/Configuration.o
 .progmem.data  0x000006f6      0x200 Bin/Common.o
                0x000006f6                OddParityByteTable
                0x000007f6                BitReverseByteTable
 .progmem.data  0x000008f6      0x1ad Bin/Button.o
 .progmem.data  0x00000aa3       0x63 Bin/Log.o
 .progmem.data  0x00000b06      0x16b Bin/LED.o
 .progmem.data  0x00000c71      0x1b0 Bin/Commands.o
 .progmem.data  0x00000e21      0x52b Bin/CommandLine.o
                0x00000f5c                CommandTable
 .progmem.data  0x0000134c      0x68f Bin/Reader14443A.o
                0x000019dc                . = ALIGN (0x2)
 *fill*         0x000019db        0x1 
 *(.jumptables)
 *(.jumptables*)
 *(.lowtext)
 *(.lowtext*)
                0x000019dc                __ctors_start = .
 *(.ctors)
                0x000019dc                __ctors_end = .
                0x000019dc                __dtors_start = .
 *(.dtors)
                0x000019dc                __dtors_end = .
 SORT(*)(.ctors)
 SORT(*)(.dtors)
 *(.init0)
 .init0         0x000019dc        0x0 c:/program files/avr8-gnu-toolchain-win32_x86/bin/../lib/gcc/avr/5.4.0/../../../../avr/lib/avrxmega7/crtatxmega128a4u.o
                0x000019dc                __init
 *(.init0)
 *(.init1)
 *(.init1)
 *(.init2)
 .init2         0x000019dc       0x18 c:/program files/avr8-gnu-toolchain-win32_x86/bin/../lib/gcc/avr/5.4.0/../../../../avr/lib/avrxmega7/crtatxmega128a4u.o
 *(.init2)
 *(.init3)
 *(.init3)
 *(.init4)
 .init4         0x000019f4       0x1c c:/program files/avr8-gnu-toolchain-win32_x86/bin/../lib/gcc/avr/5.4.0/avrxmega7\libgcc.a(_copy_data.o)
                0x000019f4                __do_copy_data
 .init4         0x00001a10       0x10 c:/program files/avr8-gnu-toolchain-win32_x86/bin/../lib/gcc/avr/5.4.0/avrxmega7\libgcc.a(_clear_bss.o)
                0x00001a10                __do_clear_bss
 *(.init4)
 *(.init5)
 *(.init5)
 *(.init6)
 *(.init6)
 *(.init7)
 *(.init7)
 *(.init8)
 *(.init8)
 *(.init9)
 .init9         0x00001a20        0x6 c:/program files/avr8-gnu-toolchain-win32_x86/bin/../lib/gcc/avr/5.4.0/../../../../avr/lib/avrxmega7/crtatxmega128a4u.o
 *(.init9)
 *(.text)
 .text          0x00001a26        0x2 c:/program files/avr8-gnu-toolchain-win32_x86/bin/../lib/gcc/avr/5.4.0/../../../../avr/lib/avrxmega7/crtatxmega128a4u.o
                0x00001a26                __vector_38
                0x00001a26                __vector_104
                0x00001a26                __vector_22
                0x00001a26                __vector_63
                0x00001a26                __vector_28
                0x00001a26                __vector_67
                0x00001a26                __vector_1
                0x00001a26                __vector_119
                0x00001a26                __vector_32
                0x00001a26                __vector_75
                0x00001a26                __vector_71
                0x00001a26                __vector_91
                0x00001a26                __vector_62
                0x00001a26                __vector_77
                0x00001a26                __vector_102
                0x00001a26                __vector_24
                0x00001a26                __vector_12
                0x00001a26                __vector_55
                0x00001a26                __vector_90
                0x00001a26                __vector_46
                0x00001a26                __bad_interrupt
                0x00001a26                __vector_122
                0x00001a26                __vector_72
                0x00001a26                __vector_114
                0x00001a26                __vector_6
                0x00001a26                __vector_110
                0x00001a26                __vector_31
                0x00001a26                __vector_92
                0x00001a26                __vector_78
                0x00001a26                __vector_74
                0x00001a26                __vector_117
                0x00001a26                __vector_39
                0x00001a26                __vector_107
                0x00001a26                __vector_3
                0x00001a26                __vector_105
                0x00001a26                __vector_98
                0x00001a26                __vector_23
                0x00001a26                __vector_30
                0x00001a26                __vector_73
                0x00001a26                __vector_45
                0x00001a26                __vector_25
                0x00001a26                __vector_93
                0x00001a26                __vector_61
                0x00001a26                __vector_11
                0x00001a26                __vector_54
                0x00001a26                __vector_99
                0x00001a26                __vector_13
                0x00001a26                __vector_17
                0x00001a26                __vector_19
                0x00001a26                __vector_56
                0x00001a26                __vector_7
                0x00001a26                __vector_123
                0x00001a26                __vector_41
                0x00001a26                __vector_100
                0x00001a26                __vector_101
                0x00001a26                __vector_64
                0x00001a26                __vector_88
                0x00001a26                __vector_109
                0x00001a26                __vector_43
                0x00001a26                __vector_27
                0x00001a26                __vector_5
                0x00001a26                __vector_113
                0x00001a26                __vector_33
                0x00001a26                __vector_76
                0x00001a26                __vector_115
                0x00001a26                __vector_52
                0x00001a26                __vector_37
                0x00001a26                __vector_95
                0x00001a26                __vector_103
                0x00001a26                __vector_96
                0x00001a26                __vector_89
                0x00001a26                __vector_108
                0x00001a26                __vector_4
                0x00001a26                __vector_44
                0x00001a26                __vector_106
                0x00001a26                __vector_118
                0x00001a26                __vector_51
                0x00001a26                __vector_9
                0x00001a26                __vector_2
                0x00001a26                __vector_21
                0x00001a26                __vector_15
                0x00001a26                __vector_66
                0x00001a26                __vector_36
                0x00001a26                __vector_58
                0x00001a26                __vector_70
                0x00001a26                __vector_83
                0x00001a26                __vector_29
                0x00001a26                __vector_60
                0x00001a26                __vector_121
                0x00001a26                __vector_40
                0x00001a26                __vector_94
                0x00001a26                __vector_126
                0x00001a26                __vector_8
                0x00001a26                __vector_26
                0x00001a26                __vector_48
                0x00001a26                __vector_124
                0x00001a26                __vector_116
                0x00001a26                __vector_112
                0x00001a26                __vector_111
                0x00001a26                __vector_14
                0x00001a26                __vector_84
                0x00001a26                __vector_57
                0x00001a26                __vector_53
                0x00001a26                __vector_16
                0x00001a26                __vector_59
                0x00001a26                __vector_18
                0x00001a26                __vector_97
                0x00001a26                __vector_20
                0x00001a26                __vector_42
                0x00001a26                __vector_87
                0x00001a26                __vector_65
                0x00001a26                __vector_120
 .text          0x00001a28       0x28 Bin/ISRSharing.o
                0x00001a28                __vector_34
                0x00001a3c                __vector_81
 .text          0x00001a50       0x70 Bin/MemoryAsm.o
                0x00001a50                FlashReadWord
                0x00001a5e                FlashEraseApplicationPage
                0x00001a6a                FlashLoadFlashWord
                0x00001a74                FlashEraseWriteApplicationPage
                0x00001a80                FlashEraseFlashBuffer
                0x00001a86                FlashWaitForSPM
 .text          0x00001ac0       0x86 Bin/Reader14443-ISR.o
                0x00001ac0                __vector_80
 .text          0x00001b46      0x282 Bin/CryptoTDEA.o
                0x00001be8                CryptoDecrypt2KTDEA
                0x00001c36                CryptoEncrypt2KTDEA
                0x00001da4                CryptoEncrypt2KTDEA_CBCSend
                0x00001daa                CryptoEncrypt2KTDEA_CBCReceive
                0x00001db0                CryptoDecrypt2KTDEA_CBCSend
                0x00001db6                CryptoDecrypt2KTDEA_CBCReceive
                0x00001dbc                CryptoEncrypt3KTDEA_CBCSend
                0x00001dc2                CryptoEncrypt3KTDEA_CBCReceive
                0x00001dc8                . = ALIGN (0x2)
 *(.text.*)
 .text.startup.main
                0x00001dc8      0x184 Bin/Chameleon-Mini.o
                0x00001dc8                main
 .text.CALLBACK_USB_GetDescriptor
                0x00001f4c       0x60 Bin/LUFADescriptors.o
                0x00001f4c                CALLBACK_USB_GetDescriptor
 .text.__vector_default
                0x00001fac       0x12 Bin/System.o
                0x00001fac                __vector_default
 .text.__vector_10
                0x00001fbe       0x32 Bin/System.o
                0x00001fbe                __vector_10
 .text.SystemInit
                0x00001ff0       0x84 Bin/System.o
                0x00001ff0                SystemInit
 .text.SystemReset
                0x00002074        0xc Bin/System.o
                0x00002074                SystemReset
 .text.SystemEnterBootloader
                0x00002080        0xc Bin/System.o
                0x00002080                SystemEnterBootloader
 .text.SystemStartUSBClock
                0x0000208c       0x5c Bin/System.o
                0x0000208c                SystemStartUSBClock
 .text.SystemStopUSBClock
                0x000020e8       0x20 Bin/System.o
                0x000020e8                SystemStopUSBClock
 .text.SystemInterruptInit
                0x00002108        0xa Bin/System.o
                0x00002108                SystemInterruptInit
 .text.ApplicationTickDummy
                0x00002112        0x2 Bin/Configuration.o
 .text.ApplicationProcessDummy
                0x00002114        0x6 Bin/Configuration.o
 .text.ApplicationSetUidDummy
                0x0000211a        0x2 Bin/Configuration.o
 .text.ApplicationGetUidDummy
                0x0000211c        0x2 Bin/Configuration.o
 .text.CodecInitDummy
                0x0000211e        0x2 Bin/Configuration.o
 .text.CodecDeInitDummy
                0x00002120        0x2 Bin/Configuration.o
 .text.CodecTaskDummy
                0x00002122        0x2 Bin/Configuration.o
 .text.ApplicationInitDummy
                0x00002124        0x2 Bin/Configuration.o
 .text.ApplicationResetDummy
                0x00002126        0x2 Bin/Configuration.o
 .text.ApplicationTaskDummy
                0x00002128        0x2 Bin/Configuration.o
 .text.ConfigurationSetById
                0x0000212a       0x56 Bin/Configuration.o
                0x0000212a                ConfigurationSetById
 .text.ConfigurationInit
                0x00002180       0x1c Bin/Configuration.o
                0x00002180                ConfigurationInit
 .text.ConfigurationGetByName
                0x0000219c       0x22 Bin/Configuration.o
                0x0000219c                ConfigurationGetByName
 .text.ConfigurationSetByName
                0x000021be       0x5c Bin/Configuration.o
                0x000021be                ConfigurationSetByName
 .text.ConfigurationGetList
                0x0000221a        0xe Bin/Configuration.o
                0x0000221a                ConfigurationGetList
 .text.RandomInit
                0x00002228        0x2 Bin/Random.o
                0x00002228                RandomInit
 .text.RandomGetByte
                0x0000222a        0x6 Bin/Random.o
                0x0000222a                RandomGetByte
 .text.RandomGetBuffer
                0x00002230       0x24 Bin/Random.o
                0x00002230                RandomGetBuffer
 .text.RandomTick
                0x00002254       0x10 Bin/Random.o
                0x00002254                RandomTick
 .text.BufferToHexString
                0x00002264       0x56 Bin/Common.o
                0x00002264                BufferToHexString
 .text.HexStringToBuffer
                0x000022ba       0x74 Bin/Common.o
                0x000022ba                HexStringToBuffer
 .text.MemoryInit
                0x0000232e       0x60 Bin/Memory.o
                0x0000232e                MemoryInit
 .text.MemoryReadBlock
                0x0000238e       0x9c Bin/Memory.o
                0x0000238e                MemoryReadBlock
 .text.MemoryWriteBlock
                0x0000242a       0xdc Bin/Memory.o
                0x0000242a                MemoryWriteBlock
 .text.MemoryRecall
                0x00002506       0xea Bin/Memory.o
                0x00002506                MemoryRecall
 .text.MemoryClear
                0x000025f0       0x60 Bin/Memory.o
                0x000025f0                MemoryClear
 .text.MemoryStore
                0x00002650      0x12e Bin/Memory.o
                0x00002650                MemoryStore
 .text.MemoryUploadBlock
                0x0000277e      0x100 Bin/Memory.o
                0x0000277e                MemoryUploadBlock
 .text.MemoryDownloadBlock
                0x0000287e       0xe4 Bin/Memory.o
                0x0000287e                MemoryDownloadBlock
 .text.WaitForNVM
                0x00002962        0xa Bin/Memory.o
                0x00002962                WaitForNVM
 .text.FlushNVMBuffer
                0x0000296c       0x22 Bin/Memory.o
                0x0000296c                FlushNVMBuffer
 .text.ReadEEPBlock
                0x0000298e       0x62 Bin/Memory.o
                0x0000298e                ReadEEPBlock
 .text.WriteEEPBlock
                0x000029f0       0xd6 Bin/Memory.o
                0x000029f0                WriteEEPBlock
 .text.ExecuteButtonAction
                0x00002ac6      0x23e Bin/Button.o
 .text.ButtonInit
                0x00002d04       0x10 Bin/Button.o
                0x00002d04                ButtonInit
 .text.ButtonTick
                0x00002d14       0x9a Bin/Button.o
                0x00002d14                ButtonTick
 .text.ButtonGetActionList
                0x00002dae        0xc Bin/Button.o
                0x00002dae                ButtonGetActionList
 .text.ButtonSetActionById
                0x00002dba       0x16 Bin/Button.o
                0x00002dba                ButtonSetActionById
 .text.ButtonGetActionByName
                0x00002dd0       0x24 Bin/Button.o
                0x00002dd0                ButtonGetActionByName
 .text.ButtonSetActionByName
                0x00002df4       0x3a Bin/Button.o
                0x00002df4                ButtonSetActionByName
 .text.LogFuncOff
                0x00002e2e        0x2 Bin/Log.o
 .text.LogFuncLive
                0x00002e30       0x58 Bin/Log.o
 .text.LogTask  0x00002e88        0x2 Bin/Log.o
                0x00002e88                LogTask
 .text.LogMemLoadBlock
                0x00002e8a      0x12a Bin/Log.o
                0x00002e8a                LogMemLoadBlock
 .text.LogMemClear
                0x00002fb4       0x78 Bin/Log.o
                0x00002fb4                LogMemClear
 .text.LogMemFree
                0x0000302c       0x18 Bin/Log.o
                0x0000302c                LogMemFree
 .text.LogSetModeById
                0x00003044       0x42 Bin/Log.o
                0x00003044                LogSetModeById
 .text.LogInit  0x00003086       0xb6 Bin/Log.o
                0x00003086                LogInit
 .text.LogFuncMemory
                0x0000313c       0xb0 Bin/Log.o
 .text.LogSetModeByName
                0x000031ec       0x32 Bin/Log.o
                0x000031ec                LogSetModeByName
 .text.LogGetModeByName
                0x0000321e       0x20 Bin/Log.o
                0x0000321e                LogGetModeByName
 .text.LogGetModeList
                0x0000323e        0xc Bin/Log.o
                0x0000323e                LogGetModeList
 .text.LogSRAMToFRAM
                0x0000324a      0x10c Bin/Log.o
                0x0000324a                LogSRAMToFRAM
 .text.LogTick  0x00003356        0xa Bin/Log.o
                0x00003356                LogTick
 .text.SettingsLoad
                0x00003360        0xe Bin/Settings.o
                0x00003360                SettingsLoad
 .text.SettingsSave
                0x0000336e        0xe Bin/Settings.o
                0x0000336e                SettingsSave
 .text.SettingsSetActiveById
                0x0000337c       0xb0 Bin/Settings.o
                0x0000337c                SettingsSetActiveById
 .text.SettingsCycle
                0x0000342c       0x34 Bin/Settings.o
                0x0000342c                SettingsCycle
 .text.SettingsGetActiveByName
                0x00003460        0xe Bin/Settings.o
                0x00003460                SettingsGetActiveByName
 .text.SettingsSetActiveByName
                0x0000346e       0x2a Bin/Settings.o
                0x0000346e                SettingsSetActiveByName
 .text.LEDInit  0x00003498        0x8 Bin/LED.o
                0x00003498                LEDInit
 .text.LEDTick  0x000034a0       0xfe Bin/LED.o
                0x000034a0                LEDTick
 .text.LEDGetFuncList
                0x0000359e        0xc Bin/LED.o
                0x0000359e                LEDGetFuncList
 .text.LEDSetFuncById
                0x000035aa       0x3a Bin/LED.o
                0x000035aa                LEDSetFuncById
 .text.LEDGetFuncByName
                0x000035e4       0x34 Bin/LED.o
                0x000035e4                LEDGetFuncByName
 .text.LEDSetFuncByName
                0x00003618       0x3a Bin/LED.o
                0x00003618                LEDSetFuncByName
 .text.MapIdToText
                0x00003652       0x30 Bin/Map.o
                0x00003652                MapIdToText
 .text.MapTextToId
                0x00003682       0x4e Bin/Map.o
                0x00003682                MapTextToId
 .text.MapToString
                0x000036d0       0x4a Bin/Map.o
                0x000036d0                MapToString
 .text.AntennaLevelTick
                0x0000371a       0x8a Bin/AntennaLevel.o
                0x0000371a                AntennaLevelTick
 .text.TerminalSendString
                0x000037a4        0xa Bin/Terminal.o
                0x000037a4                TerminalSendString
 .text.TerminalSendStringP
                0x000037ae       0x22 Bin/Terminal.o
                0x000037ae                TerminalSendStringP
 .text.TerminalSendBlock
                0x000037d0        0xc Bin/Terminal.o
                0x000037d0                TerminalSendBlock
 .text.TerminalInit
                0x000037dc        0x8 Bin/Terminal.o
                0x000037dc                TerminalInit
 .text.TerminalTask
                0x000037e4       0x5e Bin/Terminal.o
                0x000037e4                TerminalTask
 .text.TerminalTick
                0x00003842       0x80 Bin/Terminal.o
                0x00003842                TerminalTick
 .text.EVENT_USB_Device_Connect
                0x000038c2       0x22 Bin/Terminal.o
                0x000038c2                EVENT_USB_Device_Connect
 .text.EVENT_USB_Device_Disconnect
                0x000038e4       0x22 Bin/Terminal.o
                0x000038e4                EVENT_USB_Device_Disconnect
 .text.EVENT_USB_Device_ConfigurationChanged
                0x00003906        0x8 Bin/Terminal.o
                0x00003906                EVENT_USB_Device_ConfigurationChanged
 .text.EVENT_USB_Device_ControlRequest
                0x0000390e        0x8 Bin/Terminal.o
                0x0000390e                EVENT_USB_Device_ControlRequest
 .text.CommandGetVersion
                0x00003916       0x44 Bin/Commands.o
                0x00003916                CommandGetVersion
 .text.CommandGetConfig
                0x0000395a        0xc Bin/Commands.o
                0x0000395a                CommandGetConfig
 .text.CommandSetConfig
                0x00003966       0x44 Bin/Commands.o
                0x00003966                CommandSetConfig
 .text.CommandGetUid
                0x000039aa       0x7e Bin/Commands.o
                0x000039aa                CommandGetUid
 .text.CommandSetUid
                0x00003a28       0xb2 Bin/Commands.o
                0x00003a28                CommandSetUid
 .text.CommandGetReadOnly
                0x00003ada       0x18 Bin/Commands.o
                0x00003ada                CommandGetReadOnly
 .text.CommandSetReadOnly
                0x00003af2       0x5a Bin/Commands.o
                0x00003af2                CommandSetReadOnly
 .text.CommandExecUpload
                0x00003b4c        0xa Bin/Commands.o
                0x00003b4c                CommandExecUpload
 .text.CommandExecDownload
                0x00003b56        0xa Bin/Commands.o
                0x00003b56                CommandExecDownload
 .text.CommandExecReset
                0x00003b60       0x16 Bin/Commands.o
                0x00003b60                CommandExecReset
 .text.CommandExecUpgrade
                0x00003b76       0x16 Bin/Commands.o
                0x00003b76                CommandExecUpgrade
 .text.CommandGetMemSize
                0x00003b8c       0x30 Bin/Commands.o
                0x00003b8c                CommandGetMemSize
 .text.CommandGetUidSize
                0x00003bbc       0x2c Bin/Commands.o
                0x00003bbc                CommandGetUidSize
 .text.CommandGetRButton
                0x00003be8        0xe Bin/Commands.o
                0x00003be8                CommandGetRButton
 .text.CommandSetRButton
                0x00003bf6       0x2a Bin/Commands.o
                0x00003bf6                CommandSetRButton
 .text.CommandGetRButtonLong
                0x00003c20        0xe Bin/Commands.o
                0x00003c20                CommandGetRButtonLong
 .text.CommandSetRButtonLong
                0x00003c2e       0x2a Bin/Commands.o
                0x00003c2e                CommandSetRButtonLong
 .text.CommandGetLButton
                0x00003c58        0xe Bin/Commands.o
                0x00003c58                CommandGetLButton
 .text.CommandSetLButton
                0x00003c66       0x2a Bin/Commands.o
                0x00003c66                CommandSetLButton
 .text.CommandGetLButtonLong
                0x00003c90        0xe Bin/Commands.o
                0x00003c90                CommandGetLButtonLong
 .text.CommandSetLButtonLong
                0x00003c9e       0x2a Bin/Commands.o
                0x00003c9e                CommandSetLButtonLong
 .text.CommandGetLedGreen
                0x00003cc8        0xe Bin/Commands.o
                0x00003cc8                CommandGetLedGreen
 .text.CommandSetLedGreen
                0x00003cd6       0x2a Bin/Commands.o
                0x00003cd6                CommandSetLedGreen
 .text.CommandGetLedRed
                0x00003d00        0xe Bin/Commands.o
                0x00003d00                CommandGetLedRed
 .text.CommandSetLedRed
                0x00003d0e       0x2a Bin/Commands.o
                0x00003d0e                CommandSetLedRed
 .text.CommandGetLogMode
                0x00003d38        0xa Bin/Commands.o
                0x00003d38                CommandGetLogMode
 .text.CommandSetLogMode
                0x00003d42       0x2a Bin/Commands.o
                0x00003d42                CommandSetLogMode
 .text.CommandGetLogMem
                0x00003d6c       0x4a Bin/Commands.o
                0x00003d6c                CommandGetLogMem
 .text.CommandExecLogDownload
                0x00003db6        0xa Bin/Commands.o
                0x00003db6                CommandExecLogDownload
 .text.CommandExecStoreLog
                0x00003dc0        0x6 Bin/Commands.o
                0x00003dc0                CommandExecStoreLog
 .text.CommandExecLogClear
                0x00003dc6        0x6 Bin/Commands.o
                0x00003dc6                CommandExecLogClear
 .text.CommandGetSetting
                0x00003dcc        0xa Bin/Commands.o
                0x00003dcc                CommandGetSetting
 .text.CommandSetSetting
                0x00003dd6       0x10 Bin/Commands.o
                0x00003dd6                CommandSetSetting
 .text.CommandExecClear
                0x00003de6        0x8 Bin/Commands.o
                0x00003de6                CommandExecClear
 .text.CommandExecStore
                0x00003dee        0x8 Bin/Commands.o
                0x00003dee                CommandExecStore
 .text.CommandExecRecall
                0x00003df6        0x8 Bin/Commands.o
                0x00003df6                CommandExecRecall
 .text.CommandGetCharging
                0x00003dfe       0x10 Bin/Commands.o
                0x00003dfe                CommandGetCharging
 .text.CommandExecHelp
                0x00003e0e       0x78 Bin/Commands.o
                0x00003e0e                CommandExecHelp
 .text.CommandGetRssi
                0x00003e86       0x66 Bin/Commands.o
                0x00003e86                CommandGetRssi
 .text.CommandGetSysTick
                0x00003eec       0x38 Bin/Commands.o
                0x00003eec                CommandGetSysTick
 .text.CommandExecParamSend
                0x00003f24      0x114 Bin/Commands.o
                0x00003f24                CommandExecParamSend
 .text.CommandExecParamSendRaw
                0x00004038      0x13e Bin/Commands.o
                0x00004038                CommandExecParamSendRaw
 .text.CommandExecDumpMFU
                0x00004176       0x3a Bin/Commands.o
                0x00004176                CommandExecDumpMFU
 .text.CommandExecCloneMFU
                0x000041b0       0x2e Bin/Commands.o
                0x000041b0                CommandExecCloneMFU
 .text.CommandExecGetUid
                0x000041de       0x3a Bin/Commands.o
                0x000041de                CommandExecGetUid
 .text.CommandExecIdentifyCard
                0x00004218       0x3a Bin/Commands.o
                0x00004218                CommandExecIdentifyCard
 .text.CommandGetTimeout
                0x00004252       0x40 Bin/Commands.o
                0x00004252                CommandGetTimeout
 .text.CommandSetTimeout
                0x00004292       0xa6 Bin/Commands.o
                0x00004292                CommandSetTimeout
 .text.CommandGetThreshold
                0x00004338       0x34 Bin/Commands.o
                0x00004338                CommandGetThreshold
 .text.CommandSetThreshold
                0x0000436c       0xaa Bin/Commands.o
                0x0000436c                CommandSetThreshold
 .text.CommandSetField
                0x00004416       0x54 Bin/Commands.o
                0x00004416                CommandSetField
 .text.CommandGetField
                0x0000446a       0x28 Bin/Commands.o
                0x0000446a                CommandGetField
 .text.CommandExecAutocalibrate
                0x00004492       0x58 Bin/Commands.o
                0x00004492                CommandExecAutocalibrate
 .text.CommandExecClone
                0x000044ea       0x2e Bin/Commands.o
                0x000044ea                CommandExecClone
 .text.CommandTest
                0x00004518       0x26 Bin/Commands.o
                0x00004518                CommandTest
 .text.XModemReceive
                0x0000453e       0x36 Bin/XModem.o
                0x0000453e                XModemReceive
 .text.XModemSend
                0x00004574       0x2c Bin/XModem.o
                0x00004574                XModemSend
 .text.XModemProcessByte
                0x000045a0      0x2a0 Bin/XModem.o
                0x000045a0                XModemProcessByte
 .text.XModemTick
                0x00004840       0x76 Bin/XModem.o
                0x00004840                XModemTick
 .text.GetStatusMessageP
                0x000048b6       0x32 Bin/CommandLine.o
 .text.CallCommandFunc
                0x000048e8       0x72 Bin/CommandLine.o
 .text.CommandExecute
                0x0000495a       0x40 Bin/CommandLine.o
                0x0000495a                CommandExecute
 .text.CommandLineProcessByte
                0x0000499a      0x18e Bin/CommandLine.o
                0x0000499a                CommandLineProcessByte
 .text.CommandLineTick
                0x00004b28       0x70 Bin/CommandLine.o
                0x00004b28                CommandLineTick
 .text.CommandLinePendingTaskBreak
                0x00004b98       0x34 Bin/CommandLine.o
                0x00004b98                CommandLinePendingTaskBreak
 .text.CommandLinePendingTaskFinished
                0x00004bcc       0x3c Bin/CommandLine.o
                0x00004bcc                CommandLinePendingTaskFinished
 .text.CommandLineAppendData
                0x00004c08       0xa4 Bin/CommandLine.o
                0x00004c08                CommandLineAppendData
 .text.CodecReaderFieldStart
                0x00004cac       0x4c Bin/Codec.o
                0x00004cac                CodecReaderFieldStart
 .text.CodecReaderFieldStop
                0x00004cf8       0x12 Bin/Codec.o
                0x00004cf8                CodecReaderFieldStop
 .text.CodecIsReaderFieldReady
                0x00004d0a       0x48 Bin/Codec.o
                0x00004d0a                CodecIsReaderFieldReady
 .text.CodecIsReaderToBeRestarted
                0x00004d52       0x40 Bin/Codec.o
                0x00004d52                CodecIsReaderToBeRestarted
 .text.CodecThresholdSet
                0x00004d92       0x16 Bin/Codec.o
                0x00004d92                CodecThresholdSet
 .text.CodecThresholdIncrement
                0x00004da8       0x20 Bin/Codec.o
                0x00004da8                CodecThresholdIncrement
 .text.CodecThresholdReset
                0x00004dc8       0x1a Bin/Codec.o
                0x00004dc8                CodecThresholdReset
 .text.StartDemod
                0x00004de2       0x5c Bin/ISO14443-2A.o
 .text.isr_ISO14443_2A_TCD0_CCC_vect
                0x00004e3e       0x70 Bin/ISO14443-2A.o
                0x00004e3e                isr_ISO14443_2A_TCD0_CCC_vect
 .text.__vector_79
                0x00004eae      0x12e Bin/ISO14443-2A.o
                0x00004eae                __vector_79
 .text.__vector_47
                0x00004fdc      0x182 Bin/ISO14443-2A.o
                0x00004fdc                __vector_47
 .text.ISO14443ACodecInit
                0x0000515e      0x102 Bin/ISO14443-2A.o
                0x0000515e                ISO14443ACodecInit
 .text.ISO14443ACodecDeInit
                0x00005260       0x3e Bin/ISO14443-2A.o
                0x00005260                ISO14443ACodecDeInit
 .text.ISO14443ACodecTask
                0x0000529e      0x122 Bin/ISO14443-2A.o
                0x0000529e                ISO14443ACodecTask
 .text.isr_Reader14443_2A_TCD0_CCC_vect
                0x000053c0       0x94 Bin/Reader14443-2A.o
                0x000053c0                isr_Reader14443_2A_TCD0_CCC_vect
 .text.Reader14443ACodecInit
                0x00005454      0x110 Bin/Reader14443-2A.o
                0x00005454                Reader14443ACodecInit
 .text.Reader14443ACodecDeInit
                0x00005564       0x24 Bin/Reader14443-2A.o
                0x00005564                Reader14443ACodecDeInit
 .text.Reader14443AMillerEOC
                0x00005588       0x24 Bin/Reader14443-2A.o
                0x00005588                Reader14443AMillerEOC
 .text.__vector_85
                0x000055ac      0x112 Bin/Reader14443-2A.o
                0x000055ac                __vector_85
 .text.__vector_69
                0x000056be       0x4a Bin/Reader14443-2A.o
                0x000056be                __vector_69
 .text.__vector_49
                0x00005708      0x138 Bin/Reader14443-2A.o
                0x00005708                __vector_49
 .text.Reader14443ACodecTask
                0x00005840      0x616 Bin/Reader14443-2A.o
                0x00005840                Reader14443ACodecTask
 .text.Reader14443ACodecStart
                0x00005e56        0xe Bin/Reader14443-2A.o
                0x00005e56                Reader14443ACodecStart
 .text.Reader14443ACodecReset
                0x00005e64       0xda Bin/Reader14443-2A.o
                0x00005e64                Reader14443ACodecReset
 .text.isr_SniffISO14443_2A_CODEC_TIMER_LOADMOD_CCB_VECT
                0x00005f3e      0x16c Bin/SniffISO14443-2A.o
                0x00005f3e                isr_SniffISO14443_2A_CODEC_TIMER_LOADMOD_CCB_VECT
 .text.__vector_35
                0x000060aa       0x58 Bin/SniffISO14443-2A.o
                0x000060aa                __vector_35
 .text.__vector_82
                0x00006102      0x236 Bin/SniffISO14443-2A.o
                0x00006102                __vector_82
 .text.__vector_68
                0x00006338       0x4e Bin/SniffISO14443-2A.o
                0x00006338                __vector_68
 .text.__vector_50
                0x00006386       0x6c Bin/SniffISO14443-2A.o
                0x00006386                __vector_50
 .text.__vector_86
                0x000063f2      0x174 Bin/SniffISO14443-2A.o
                0x000063f2                __vector_86
 .text.Sniff14443ACodecInit
                0x00006566      0x17e Bin/SniffISO14443-2A.o
                0x00006566                Sniff14443ACodecInit
 .text.Sniff14443ACodecDeInit
                0x000066e4       0x42 Bin/SniffISO14443-2A.o
                0x000066e4                Sniff14443ACodecDeInit
 .text.Sniff14443ACodecTask
                0x00006726      0x19a Bin/SniffISO14443-2A.o
                0x00006726                Sniff14443ACodecTask
 .text.VerifyAuthentication
                0x000068c0       0x24 Bin/MifareUltralight.o
 .text.AppInitEV1Common
                0x000068e4       0x6e Bin/MifareUltralight.o
 .text.IncrementCounter
                0x00006952       0x84 Bin/MifareUltralight.o
 .text.MifareUltralightCAppInit
                0x000069d6       0xec Bin/MifareUltralight.o
                0x000069d6                MifareUltralightCAppInit
 .text.MifareUltralightAppInit
                0x00006ac2       0x28 Bin/MifareUltralight.o
                0x00006ac2                MifareUltralightAppInit
 .text.MifareUltralightEV11AppInit
                0x00006aea        0x8 Bin/MifareUltralight.o
                0x00006aea                MifareUltralightEV11AppInit
 .text.MifareUltralightEV12AppInit
                0x00006af2        0x8 Bin/MifareUltralight.o
                0x00006af2                MifareUltralightEV12AppInit
 .text.MifareUltralightAppReset
                0x00006afa        0x8 Bin/MifareUltralight.o
                0x00006afa                MifareUltralightAppReset
 .text.MifareUltralightCAppReset
                0x00006b02        0xc Bin/MifareUltralight.o
                0x00006b02                MifareUltralightCAppReset
 .text.MifareUltralightAppTask
                0x00006b0e        0x2 Bin/MifareUltralight.o
                0x00006b0e                MifareUltralightAppTask
 .text.MifareUltralightAppProcess
                0x00006b10      0x81e Bin/MifareUltralight.o
                0x00006b10                MifareUltralightAppProcess
 .text.MifareUltralightGetUid
                0x0000732e       0x26 Bin/MifareUltralight.o
                0x0000732e                MifareUltralightGetUid
 .text.MifareUltralightSetUid
                0x00007354       0x80 Bin/MifareUltralight.o
                0x00007354                MifareUltralightSetUid
 .text.MifareClassicAppInitMini4B
                0x000073d4       0x1e Bin/MifareClassic.o
                0x000073d4                MifareClassicAppInitMini4B
 .text.MifareClassicAppInit1K
                0x000073f2       0x1e Bin/MifareClassic.o
                0x000073f2                MifareClassicAppInit1K
 .text.MifareClassicAppInit1K7B
                0x00007410       0x1e Bin/MifareClassic.o
                0x00007410                MifareClassicAppInit1K7B
 .text.MifareClassicAppInit4K
                0x0000742e       0x1e Bin/MifareClassic.o
                0x0000742e                MifareClassicAppInit4K
 .text.MifareClassicAppInit4K7B
                0x0000744c       0x1e Bin/MifareClassic.o
                0x0000744c                MifareClassicAppInit4K7B
 .text.MifareClassicAppReset
                0x0000746a        0x8 Bin/MifareClassic.o
                0x0000746a                MifareClassicAppReset
 .text.MifareClassicAppTask
                0x00007472        0x2 Bin/MifareClassic.o
                0x00007472                MifareClassicAppTask
 .text.MifareClassicAppProcess
                0x00007474      0xdc2 Bin/MifareClassic.o
                0x00007474                MifareClassicAppProcess
 .text.MifareClassicGetUid
                0x00008236       0x38 Bin/MifareClassic.o
                0x00008236                MifareClassicGetUid
 .text.MifareClassicSetUid
                0x0000826e       0x52 Bin/MifareClassic.o
                0x0000826e                MifareClassicSetUid
 .text.ISO14443AAppendCRCA
                0x000082c0       0x56 Bin/ISO14443-3A.o
                0x000082c0                ISO14443AAppendCRCA
 .text.ISO14443ACheckCRCA
                0x00008316       0x62 Bin/ISO14443-3A.o
                0x00008316                ISO14443ACheckCRCA
 .text.Crypto1Setup
                0x00008378      0x55a Bin/Crypto1.o
                0x00008378                Crypto1Setup
 .text.Crypto1SetupNested
                0x000088d2      0x556 Bin/Crypto1.o
                0x000088d2                Crypto1SetupNested
 .text.Crypto1Auth
                0x00008e28      0x44e Bin/Crypto1.o
                0x00008e28                Crypto1Auth
 .text.Crypto1Nibble
                0x00009276      0x1ea Bin/Crypto1.o
                0x00009276                Crypto1Nibble
 .text.Crypto1ByteArray
                0x00009460      0x432 Bin/Crypto1.o
                0x00009460                Crypto1ByteArray
 .text.Crypto1ByteArrayWithParity
                0x00009892      0x434 Bin/Crypto1.o
                0x00009892                Crypto1ByteArrayWithParity
 .text.Crypto1PRNG
                0x00009cc6      0x10c Bin/Crypto1.o
                0x00009cc6                Crypto1PRNG
 .text.addParityBits
                0x00009dd2       0xdc Bin/Reader14443A.o
                0x00009dd2                addParityBits
 .text.Reader14443A_Deselect
                0x00009eae       0x2a Bin/Reader14443A.o
 .text.removeParityBits
                0x00009ed8       0xa0 Bin/Reader14443A.o
                0x00009ed8                removeParityBits
 .text.checkParityBits
                0x00009f78       0xac Bin/Reader14443A.o
                0x00009f78                checkParityBits
 .text.Reader14443AAppInit
                0x0000a024        0x6 Bin/Reader14443A.o
                0x0000a024                Reader14443AAppInit
 .text.Reader14443AAppReset
                0x0000a02a        0xe Bin/Reader14443A.o
                0x0000a02a                Reader14443AAppReset
 .text.Reader14443AAppTimeout
                0x0000a038        0xc Bin/Reader14443A.o
                0x0000a038                Reader14443AAppTimeout
 .text.Reader14443AAppTask
                0x0000a044        0x2 Bin/Reader14443A.o
                0x0000a044                Reader14443AAppTask
 .text.Reader14443AAppTick
                0x0000a046        0x2 Bin/Reader14443A.o
                0x0000a046                Reader14443AAppTick
 .text.ISO14443_CRCA
                0x0000a048       0x48 Bin/Reader14443A.o
                0x0000a048                ISO14443_CRCA
 .text.Reader14443A_Select
                0x0000a090      0x20a Bin/Reader14443A.o
 .text.Identify
                0x0000a29a      0x2ea Bin/Reader14443A.o
 .text.Reader14443AAppProcess
                0x0000a584      0xab8 Bin/Reader14443A.o
                0x0000a584                Reader14443AAppProcess
 .text.Sniff14443AAppInit
                0x0000b03c       0x1c Bin/Sniff14443A.o
                0x0000b03c                Sniff14443AAppInit
 .text.Sniff14443AAppReset
                0x0000b058        0xa Bin/Sniff14443A.o
                0x0000b058                Sniff14443AAppReset
 .text.Sniff14443AAppTask
                0x0000b062        0x2 Bin/Sniff14443A.o
                0x0000b062                Sniff14443AAppTask
 .text.Sniff14443AAppTick
                0x0000b064        0x2 Bin/Sniff14443A.o
                0x0000b064                Sniff14443AAppTick
 .text.Sniff14443AAppTimeout
                0x0000b066        0x2 Bin/Sniff14443A.o
                0x0000b066                Sniff14443AAppTimeout
 .text.Sniff14443AAppProcess
                0x0000b068      0x276 Bin/Sniff14443A.o
                0x0000b068                Sniff14443AAppProcess
 .text.NFCWritePage
                0x0000b2de       0x22 Bin/NFC_Command.o
 .text.IncrementCounter
                0x0000b300       0x84 Bin/NFC_Command.o
 .text.NFCCommandAppInit
                0x0000b384       0x28 Bin/NFC_Command.o
                0x0000b384                NFCCommandAppInit
 .text.NFCCommandAppReset
                0x0000b3ac        0x8 Bin/NFC_Command.o
                0x0000b3ac                NFCCommandAppReset
 .text.NFCCommandAppTask
                0x0000b3b4        0x2 Bin/NFC_Command.o
                0x0000b3b4                NFCCommandAppTask
 .text.NFCStatusId
                0x0000b3b6       0x8c Bin/NFC_Command.o
                0x0000b3b6                NFCStatusId
 .text.NFCAnswer
                0x0000b442      0x176 Bin/NFC_Command.o
                0x0000b442                NFCAnswer
 .text.NFCCommandAppProcess
                0x0000b5b8      0x47a Bin/NFC_Command.o
                0x0000b5b8                NFCCommandAppProcess
 .text.NTAG215AppInit
                0x0000ba32       0x48 Bin/NTAG215.o
                0x0000ba32                NTAG215AppInit
 .text.NTAG215AppReset
                0x0000ba7a        0x8 Bin/NTAG215.o
                0x0000ba7a                NTAG215AppReset
 .text.NTAG215AppTask
                0x0000ba82        0x2 Bin/NTAG215.o
                0x0000ba82                NTAG215AppTask
 .text.NTAG215AppProcess
                0x0000ba84      0x506 Bin/NTAG215.o
                0x0000ba84                NTAG215AppProcess
 .text.NTAG215GetUid
                0x0000bf8a       0x26 Bin/NTAG215.o
                0x0000bf8a                NTAG215GetUid
 .text.NTAG215SetUid
                0x0000bfb0       0x80 Bin/NTAG215.o
                0x0000bfb0                NTAG215SetUid
 .text.isr_ISO15693_CODEC_DEMOD_IN_INT0_VECT
                0x0000c030       0x44 Bin/ISO15693.o
                0x0000c030                isr_ISO15693_CODEC_DEMOD_IN_INT0_VECT
 .text.isr_ISO15693_CODEC_TIMER_SAMPLING_CCC_VECT
                0x0000c074      0x208 Bin/ISO15693.o
                0x0000c074                isr_ISO15693_CODEC_TIMER_SAMPLING_CCC_VECT
 .text.isr_ISO15693_CODEC_TIMER_LOADMOD_CCB_VECT
                0x0000c27c      0x2bc Bin/ISO15693.o
                0x0000c27c                isr_ISO15693_CODEC_TIMER_LOADMOD_CCB_VECT
 .text.StartISO15693Demod
                0x0000c538       0x86 Bin/ISO15693.o
                0x0000c538                StartISO15693Demod
 .text.ISO15693CodecInit
                0x0000c5be      0x106 Bin/ISO15693.o
                0x0000c5be                ISO15693CodecInit
 .text.ISO15693CodecDeInit
                0x0000c6c4       0x66 Bin/ISO15693.o
                0x0000c6c4                ISO15693CodecDeInit
 .text.ISO15693CodecTask
                0x0000c72a      0x128 Bin/ISO15693.o
                0x0000c72a                ISO15693CodecTask
 .text.VicinityAppInit
                0x0000c852        0x6 Bin/Vicinity.o
                0x0000c852                VicinityAppInit
 .text.VicinityAppReset
                0x0000c858        0x6 Bin/Vicinity.o
                0x0000c858                VicinityAppReset
 .text.VicinityAppTask
                0x0000c85e        0x2 Bin/Vicinity.o
                0x0000c85e                VicinityAppTask
 .text.VicinityAppTick
                0x0000c860        0x2 Bin/Vicinity.o
                0x0000c860                VicinityAppTick
 .text.VicinityAppProcess
                0x0000c862      0x1c8 Bin/Vicinity.o
                0x0000c862                VicinityAppProcess
 .text.VicinityGetUid
                0x0000ca2a        0xe Bin/Vicinity.o
                0x0000ca2a                VicinityGetUid
 .text.VicinitySetUid
                0x0000ca38        0xe Bin/Vicinity.o
                0x0000ca38                VicinitySetUid
 .text.Sl2s2002AppInit
                0x0000ca46        0x6 Bin/Sl2s2002.o
                0x0000ca46                Sl2s2002AppInit
 .text.Sl2s2002AppReset
                0x0000ca4c        0x6 Bin/Sl2s2002.o
                0x0000ca4c                Sl2s2002AppReset
 .text.Sl2s2002AppTask
                0x0000ca52        0x2 Bin/Sl2s2002.o
                0x0000ca52                Sl2s2002AppTask
 .text.Sl2s2002AppTick
                0x0000ca54        0x2 Bin/Sl2s2002.o
                0x0000ca54                Sl2s2002AppTick
 .text.Sl2s2002AppProcess
                0x0000ca56      0x3f4 Bin/Sl2s2002.o
                0x0000ca56                Sl2s2002AppProcess
 .text.Sl2s2002GetUid
                0x0000ce4a        0xe Bin/Sl2s2002.o
                0x0000ce4a                Sl2s2002GetUid
 .text.Sl2s2002SetUid
                0x0000ce58        0xe Bin/Sl2s2002.o
                0x0000ce58                Sl2s2002SetUid
 .text.TITagitstandardAppInit
                0x0000ce66       0x3c Bin/TITagitstandard.o
                0x0000ce66                TITagitstandardAppInit
 .text.TITagitstandardAppReset
                0x0000cea2       0x1c Bin/TITagitstandard.o
                0x0000cea2                TITagitstandardAppReset
 .text.TITagitstandardAppTask
                0x0000cebe        0x2 Bin/TITagitstandard.o
                0x0000cebe                TITagitstandardAppTask
 .text.TITagitstandardAppTick
                0x0000cec0        0x2 Bin/TITagitstandard.o
                0x0000cec0                TITagitstandardAppTick
 .text.TITagitstandardFlipUid
                0x0000cec2       0x22 Bin/TITagitstandard.o
                0x0000cec2                TITagitstandardFlipUid
 .text.TITagitstandardGetUid
                0x0000cee4       0x1c Bin/TITagitstandard.o
                0x0000cee4                TITagitstandardGetUid
 .text.TITagitstandardAppProcess
                0x0000cf00      0x2a2 Bin/TITagitstandard.o
                0x0000cf00                TITagitstandardAppProcess
 .text.TITagitstandardSetUid
                0x0000d1a2       0x1c Bin/TITagitstandard.o
                0x0000d1a2                TITagitstandardSetUid
 .text.calculateCRC
                0x0000d1be       0x3e Bin/ISO15693-A.o
                0x0000d1be                calculateCRC
 .text.ISO15693AppendCRC
                0x0000d1fc       0x20 Bin/ISO15693-A.o
                0x0000d1fc                ISO15693AppendCRC
 .text.ISO15693CheckCRC
                0x0000d21c       0x2c Bin/ISO15693-A.o
                0x0000d21c                ISO15693CheckCRC
 .text.ISO15693PrepareFrame
                0x0000d248      0x102 Bin/ISO15693-A.o
                0x0000d248                ISO15693PrepareFrame
 .text.ISO15693AntiColl
                0x0000d34a       0xb0 Bin/ISO15693-A.o
                0x0000d34a                ISO15693AntiColl
 .text.EM4233AppInit
                0x0000d3fa       0x2e Bin/EM4233.o
                0x0000d3fa                EM4233AppInit
 .text.EM4233AppReset
                0x0000d428       0x20 Bin/EM4233.o
                0x0000d428                EM4233AppReset
 .text.EM4233AppTask
                0x0000d448        0x2 Bin/EM4233.o
                0x0000d448                EM4233AppTask
 .text.EM4233AppTick
                0x0000d44a        0x2 Bin/EM4233.o
                0x0000d44a                EM4233AppTick
 .text.EM4233_Lock_Block
                0x0000d44c       0x68 Bin/EM4233.o
                0x0000d44c                EM4233_Lock_Block
 .text.EM4233_Write_Single
                0x0000d4b4       0x84 Bin/EM4233.o
                0x0000d4b4                EM4233_Write_Single
 .text.EM4233_Read_Single
                0x0000d538       0xcc Bin/EM4233.o
                0x0000d538                EM4233_Read_Single
 .text.EM4233_Read_Multiple
                0x0000d604      0x1a8 Bin/EM4233.o
                0x0000d604                EM4233_Read_Multiple
 .text.EM4233_Write_AFI
                0x0000d7ac       0x5c Bin/EM4233.o
                0x0000d7ac                EM4233_Write_AFI
 .text.EM4233_Lock_AFI
                0x0000d808       0x4a Bin/EM4233.o
                0x0000d808                EM4233_Lock_AFI
 .text.EM4233_Write_DSFID
                0x0000d852       0x56 Bin/EM4233.o
                0x0000d852                EM4233_Write_DSFID
 .text.EM4233_Lock_DSFID
                0x0000d8a8       0x4a Bin/EM4233.o
                0x0000d8a8                EM4233_Lock_DSFID
 .text.EM4233_Get_Multi_Block_Sec_Stat
                0x0000d8f2       0x5e Bin/EM4233.o
                0x0000d8f2                EM4233_Get_Multi_Block_Sec_Stat
 .text.EM4233_Select
                0x0000d950       0x92 Bin/EM4233.o
                0x0000d950                EM4233_Select
 .text.EM4233_Reset_To_Ready
                0x0000d9e2       0x24 Bin/EM4233.o
                0x0000d9e2                EM4233_Reset_To_Ready
 .text.EM4233_Login
                0x0000da06       0x8a Bin/EM4233.o
                0x0000da06                EM4233_Login
 .text.EM4233_Auth1
                0x0000da90       0x26 Bin/EM4233.o
                0x0000da90                EM4233_Auth1
 .text.EM4233_Auth2
                0x0000dab6       0x20 Bin/EM4233.o
                0x0000dab6                EM4233_Auth2
 .text.EM4233GetUid
                0x0000dad6        0xe Bin/EM4233.o
                0x0000dad6                EM4233GetUid
 .text.EM4233_Get_SysInfo
                0x0000dae4       0xce Bin/EM4233.o
                0x0000dae4                EM4233_Get_SysInfo
 .text.EM4233AppProcess
                0x0000dbb2      0x23a Bin/EM4233.o
                0x0000dbb2                EM4233AppProcess
 .text.EM4233SetUid
                0x0000ddec        0xe Bin/EM4233.o
                0x0000ddec                EM4233SetUid
 .text.USB_Device_ProcessControlRequest
                0x0000ddfa      0x240 Bin/DeviceStandardReq.o
                0x0000ddfa                USB_Device_ProcessControlRequest
 .text.USB_Event_Stub
                0x0000e03a        0x2 Bin/Events.o
                0x0000e03a                USB_Event_Stub
                0x0000e03a                EVENT_USB_Device_Suspend
                0x0000e03a                EVENT_USB_Device_StartOfFrame
                0x0000e03a                EVENT_USB_Device_Reset
                0x0000e03a                EVENT_USB_Device_WakeUp
 .text.USB_USBTask
                0x0000e03c       0x22 Bin/USBTask.o
                0x0000e03c                USB_USBTask
 .text.Endpoint_Write_Stream_LE
                0x0000e05e       0x9a Bin/EndpointStream_XMEGA.o
                0x0000e05e                Endpoint_Write_Stream_LE
 .text.Endpoint_Write_Control_Stream_LE
                0x0000e0f8       0xf8 Bin/EndpointStream_XMEGA.o
                0x0000e0f8                Endpoint_Write_Control_Stream_LE
 .text.Endpoint_Write_Control_PStream_LE
                0x0000e1f0       0xfc Bin/EndpointStream_XMEGA.o
                0x0000e1f0                Endpoint_Write_Control_PStream_LE
 .text.Endpoint_ClearIN
                0x0000e2ec       0x32 Bin/Endpoint_XMEGA.o
                0x0000e2ec                Endpoint_ClearIN
 .text.Endpoint_ClearOUT
                0x0000e31e       0x1e Bin/Endpoint_XMEGA.o
                0x0000e31e                Endpoint_ClearOUT
 .text.Endpoint_Read_8
                0x0000e33c       0x20 Bin/Endpoint_XMEGA.o
                0x0000e33c                Endpoint_Read_8
 .text.Endpoint_Write_8
                0x0000e35c       0x20 Bin/Endpoint_XMEGA.o
                0x0000e35c                Endpoint_Write_8
 .text.Endpoint_SelectEndpoint
                0x0000e37c       0x6a Bin/Endpoint_XMEGA.o
                0x0000e37c                Endpoint_SelectEndpoint
 .text.Endpoint_IsINReady
                0x0000e3e6       0x18 Bin/Endpoint_XMEGA.o
                0x0000e3e6                Endpoint_IsINReady
 .text.Endpoint_IsOUTReceived
                0x0000e3fe       0x34 Bin/Endpoint_XMEGA.o
                0x0000e3fe                Endpoint_IsOUTReceived
 .text.Endpoint_IsSETUPReceived
                0x0000e432       0x34 Bin/Endpoint_XMEGA.o
                0x0000e432                Endpoint_IsSETUPReceived
 .text.Endpoint_ClearSETUP
                0x0000e466       0x58 Bin/Endpoint_XMEGA.o
                0x0000e466                Endpoint_ClearSETUP
 .text.Endpoint_StallTransaction
                0x0000e4be       0x36 Bin/Endpoint_XMEGA.o
                0x0000e4be                Endpoint_StallTransaction
 .text.Endpoint_ConfigureEndpoint_PRV
                0x0000e4f4       0x6a Bin/Endpoint_XMEGA.o
                0x0000e4f4                Endpoint_ConfigureEndpoint_PRV
 .text.Endpoint_ConfigureEndpointTable
                0x0000e55e       0xae Bin/Endpoint_XMEGA.o
                0x0000e55e                Endpoint_ConfigureEndpointTable
 .text.Endpoint_ClearEndpoints
                0x0000e60c       0x38 Bin/Endpoint_XMEGA.o
                0x0000e60c                Endpoint_ClearEndpoints
 .text.Endpoint_ClearStatusStage
                0x0000e644       0x2c Bin/Endpoint_XMEGA.o
                0x0000e644                Endpoint_ClearStatusStage
 .text.Endpoint_WaitUntilReady
                0x0000e670       0x86 Bin/Endpoint_XMEGA.o
                0x0000e670                Endpoint_WaitUntilReady
 .text.USB_Disable
                0x0000e6f6       0x1a Bin/USBController_XMEGA.o
                0x0000e6f6                USB_Disable
 .text.USB_ResetInterface
                0x0000e710       0x5c Bin/USBController_XMEGA.o
                0x0000e710                USB_ResetInterface
 .text.USB_Init
                0x0000e76c       0x52 Bin/USBController_XMEGA.o
                0x0000e76c                USB_Init
 .text.USB_INT_DisableAllInterrupts
                0x0000e7be        0xe Bin/USBInterrupt_XMEGA.o
                0x0000e7be                USB_INT_DisableAllInterrupts
 .text.USB_INT_ClearAllInterrupts
                0x0000e7cc        0xc Bin/USBInterrupt_XMEGA.o
                0x0000e7cc                USB_INT_ClearAllInterrupts
 .text.__vector_125
                0x0000e7d8       0xf0 Bin/USBInterrupt_XMEGA.o
                0x0000e7d8                __vector_125
 .text.CDC_Device_ConfigureEndpoints
                0x0000e8c8       0x4a Bin/CDCClassDevice.o
                0x0000e8c8                CDC_Device_ConfigureEndpoints
 .text.CDC_Device_SendString
                0x0000e912       0x54 Bin/CDCClassDevice.o
                0x0000e912                CDC_Device_SendString
 .text.CDC_Device_SendData
                0x0000e966       0x48 Bin/CDCClassDevice.o
                0x0000e966                CDC_Device_SendData
 .text.CDC_Device_SendByte
                0x0000e9ae       0x5a Bin/CDCClassDevice.o
                0x0000e9ae                CDC_Device_SendByte
 .text.CDC_Device_Flush
                0x0000ea08       0x78 Bin/CDCClassDevice.o
                0x0000ea08                CDC_Device_Flush
 .text.CDC_Device_USBTask
                0x0000ea80       0x38 Bin/CDCClassDevice.o
                0x0000ea80                CDC_Device_USBTask
 .text.CDC_Device_ReceiveByte
                0x0000eab8       0xa4 Bin/CDCClassDevice.o
                0x0000eab8                CDC_Device_ReceiveByte
 .text.CDC_Device_Event_Stub
                0x0000eb5c        0x2 Bin/CDCClassDevice.o
                0x0000eb5c                EVENT_CDC_Device_ControLineStateChanged
                0x0000eb5c                EVENT_CDC_Device_BreakSent
                0x0000eb5c                CDC_Device_Event_Stub
                0x0000eb5c                EVENT_CDC_Device_LineEncodingChanged
 .text.CDC_Device_ProcessControlRequest
                0x0000eb5e      0x13c Bin/CDCClassDevice.o
                0x0000eb5e                CDC_Device_ProcessControlRequest
 .text.avr-libc.fplib
                0x0000ec9a       0x26 c:/program files/avr8-gnu-toolchain-win32_x86/bin/../lib/gcc/avr/5.4.0/../../../../avr/lib/avrxmega7\libm.a(ceil.o)
                0x0000ec9a                ceil
 .text.avr-libc.fplib
                0x0000ecc0        0x4 c:/program files/avr8-gnu-toolchain-win32_x86/bin/../lib/gcc/avr/5.4.0/../../../../avr/lib/avrxmega7\libm.a(divsf3.o)
                0x0000ecc0                __divsf3
 .text.avr-libc.fplib
                0x0000ecc4       0xcc c:/program files/avr8-gnu-toolchain-win32_x86/bin/../lib/gcc/avr/5.4.0/../../../../avr/lib/avrxmega7\libm.a(divsf3x.o)
                0x0000ecda                __divsf3x
                0x0000ecde                __divsf3_pse
 .text.avr-libc.fplib
                0x0000ed90       0x58 c:/program files/avr8-gnu-toolchain-win32_x86/bin/../lib/gcc/avr/5.4.0/../../../../avr/lib/avrxmega7\libm.a(fixunssfsi.o)
                0x0000ed90                __fixunssfsi
 .text.avr-libc.fplib
                0x0000ede8       0x7a c:/program files/avr8-gnu-toolchain-win32_x86/bin/../lib/gcc/avr/5.4.0/../../../../avr/lib/avrxmega7\libm.a(floatsisf.o)
                0x0000ede8                __floatunsisf
                0x0000edec                __floatsisf
 .text.avr-libc.fplib
                0x0000ee62        0xc c:/program files/avr8-gnu-toolchain-win32_x86/bin/../lib/gcc/avr/5.4.0/../../../../avr/lib/avrxmega7\libm.a(fp_inf.o)
                0x0000ee62                __fp_inf
 .text.avr-libc.fplib
                0x0000ee6e       0x36 c:/program files/avr8-gnu-toolchain-win32_x86/bin/../lib/gcc/avr/5.4.0/../../../../avr/lib/avrxmega7\libm.a(fp_mintl.o)
                0x0000ee6e                __fp_mintl
 .text.avr-libc.fplib
                0x0000eea4       0x1c c:/program files/avr8-gnu-toolchain-win32_x86/bin/../lib/gcc/avr/5.4.0/../../../../avr/lib/avrxmega7\libm.a(fp_mpack.o)
                0x0000eea4                __fp_mpack
                0x0000eea8                __fp_mpack_finite
 .text.avr-libc.fplib
                0x0000eec0        0x6 c:/program files/avr8-gnu-toolchain-win32_x86/bin/../lib/gcc/avr/5.4.0/../../../../avr/lib/avrxmega7\libm.a(fp_nan.o)
                0x0000eec0                __fp_nan
 .text.avr-libc.fplib
                0x0000eec6        0xe c:/program files/avr8-gnu-toolchain-win32_x86/bin/../lib/gcc/avr/5.4.0/../../../../avr/lib/avrxmega7\libm.a(fp_pscA.o)
                0x0000eec6                __fp_pscA
 .text.avr-libc.fplib
                0x0000eed4        0xe c:/program files/avr8-gnu-toolchain-win32_x86/bin/../lib/gcc/avr/5.4.0/../../../../avr/lib/avrxmega7\libm.a(fp_pscB.o)
                0x0000eed4                __fp_pscB
 .text.avr-libc.fplib
                0x0000eee2       0x22 c:/program files/avr8-gnu-toolchain-win32_x86/bin/../lib/gcc/avr/5.4.0/../../../../avr/lib/avrxmega7\libm.a(fp_round.o)
                0x0000eee2                __fp_round
 .text.avr-libc.fplib
                0x0000ef04       0x44 c:/program files/avr8-gnu-toolchain-win32_x86/bin/../lib/gcc/avr/5.4.0/../../../../avr/lib/avrxmega7\libm.a(fp_split3.o)
                0x0000ef04                __fp_split3
                0x0000ef14                __fp_splitA
 .text.avr-libc.fplib
                0x0000ef48       0x2e c:/program files/avr8-gnu-toolchain-win32_x86/bin/../lib/gcc/avr/5.4.0/../../../../avr/lib/avrxmega7\libm.a(fp_trunc.o)
                0x0000ef48                __fp_trunc
 .text.avr-libc.fplib
                0x0000ef76        0xe c:/program files/avr8-gnu-toolchain-win32_x86/bin/../lib/gcc/avr/5.4.0/../../../../avr/lib/avrxmega7\libm.a(fp_zero.o)
                0x0000ef76                __fp_zero
                0x0000ef78                __fp_szero
 .text.avr-libc.fplib
                0x0000ef84        0x8 c:/program files/avr8-gnu-toolchain-win32_x86/bin/../lib/gcc/avr/5.4.0/../../../../avr/lib/avrxmega7\libm.a(gesf2.o)
                0x0000ef84                __gesf2
                0x0000ef84                __gtsf2
 .text.avr-libc.fplib
                0x0000ef8c       0x48 c:/program files/avr8-gnu-toolchain-win32_x86/bin/../lib/gcc/avr/5.4.0/../../../../avr/lib/avrxmega7\libm.a(fp_cmp.o)
                0x0000ef8c                __fp_cmp
 .text.libgcc.div
                0x0000efd4       0x28 c:/program files/avr8-gnu-toolchain-win32_x86/bin/../lib/gcc/avr/5.4.0/avrxmega7\libgcc.a(_udivmodhi4.o)
                0x0000efd4                __udivmodhi4
 .text.libgcc.mul
                0x0000effc        0xc c:/program files/avr8-gnu-toolchain-win32_x86/bin/../lib/gcc/avr/5.4.0/avrxmega7\libgcc.a(_mulshisi3.o)
                0x0000effc                __mulshisi3
                0x0000f000                __mulohisi3
 .text.libgcc.mul
                0x0000f008       0x14 c:/program files/avr8-gnu-toolchain-win32_x86/bin/../lib/gcc/avr/5.4.0/avrxmega7\libgcc.a(_muluhisi3.o)
                0x0000f008                __muluhisi3
 .text.libgcc.mul
                0x0000f01c       0x1e c:/program files/avr8-gnu-toolchain-win32_x86/bin/../lib/gcc/avr/5.4.0/avrxmega7\libgcc.a(_umulhisi3.o)
                0x0000f01c                __umulhisi3
 .text.avr-libc
                0x0000f03a       0xaa c:/program files/avr8-gnu-toolchain-win32_x86/bin/../lib/gcc/avr/5.4.0/../../../../avr/lib/avrxmega7\libc.a(rand.o)
                0x0000f0c6                rand_r
                0x0000f0c8                rand
                0x0000f0ce                srand
 .text.avr-libc
                0x0000f0e4       0x12 c:/program files/avr8-gnu-toolchain-win32_x86/bin/../lib/gcc/avr/5.4.0/../../../../avr/lib/avrxmega7\libc.a(memcpy_P.o)
                0x0000f0e4                memcpy_P
 .text.avr-libc
                0x0000f0f6       0x12 c:/program files/avr8-gnu-toolchain-win32_x86/bin/../lib/gcc/avr/5.4.0/../../../../avr/lib/avrxmega7\libc.a(strcmp_P.o)
                0x0000f0f6                strcmp_P
 .text.avr-libc
                0x0000f108       0x1e c:/program files/avr8-gnu-toolchain-win32_x86/bin/../lib/gcc/avr/5.4.0/../../../../avr/lib/avrxmega7\libc.a(strncpy_P.o)
                0x0000f108                strncpy_P
 .text.avr-libc
                0x0000f126       0x1a c:/program files/avr8-gnu-toolchain-win32_x86/bin/../lib/gcc/avr/5.4.0/../../../../avr/lib/avrxmega7\libc.a(memcmp.o)
                0x0000f126                memcmp
 .text.avr-libc
                0x0000f140       0x12 c:/program files/avr8-gnu-toolchain-win32_x86/bin/../lib/gcc/avr/5.4.0/../../../../avr/lib/avrxmega7\libc.a(memcpy.o)
                0x0000f140                memcpy
 .text.avr-libc
                0x0000f152       0x22 c:/program files/avr8-gnu-toolchain-win32_x86/bin/../lib/gcc/avr/5.4.0/../../../../avr/lib/avrxmega7\libc.a(memmove.o)
                0x0000f152                memmove
 .text.avr-libc
                0x0000f174        0xe c:/program files/avr8-gnu-toolchain-win32_x86/bin/../lib/gcc/avr/5.4.0/../../../../avr/lib/avrxmega7\libc.a(memset.o)
                0x0000f174                memset
 .text.avr-libc
                0x0000f182       0x16 c:/program files/avr8-gnu-toolchain-win32_x86/bin/../lib/gcc/avr/5.4.0/../../../../avr/lib/avrxmega7\libc.a(strchr.o)
                0x0000f182                strchr
 .text.avr-libc
                0x0000f198        0xe c:/program files/avr8-gnu-toolchain-win32_x86/bin/../lib/gcc/avr/5.4.0/../../../../avr/lib/avrxmega7\libc.a(strcpy.o)
                0x0000f198                strcpy
 .text.avr-libc
                0x0000f1a6       0x6c c:/program files/avr8-gnu-toolchain-win32_x86/bin/../lib/gcc/avr/5.4.0/../../../../avr/lib/avrxmega7\libc.a(snprintf.o)
                0x0000f1a6                snprintf
 .text.avr-libc
                0x0000f212       0x6c c:/program files/avr8-gnu-toolchain-win32_x86/bin/../lib/gcc/avr/5.4.0/../../../../avr/lib/avrxmega7\libc.a(snprintf_p.o)
                0x0000f212                snprintf_P
 .text.avr-libc
                0x0000f27e       0x36 c:/program files/avr8-gnu-toolchain-win32_x86/bin/../lib/gcc/avr/5.4.0/../../../../avr/lib/avrxmega7\libc.a(sscanf_p.o)
                0x0000f27e                sscanf_P
 .text.avr-libc
                0x0000f2b4      0x3ee c:/program files/avr8-gnu-toolchain-win32_x86/bin/../lib/gcc/avr/5.4.0/../../../../avr/lib/avrxmega7\libc.a(vfprintf_std.o)
                0x0000f2b4                vfprintf
 .text.avr-libc
                0x0000f6a2      0x586 c:/program files/avr8-gnu-toolchain-win32_x86/bin/../lib/gcc/avr/5.4.0/../../../../avr/lib/avrxmega7\libc.a(vfscanf_std.o)
                0x0000f9fa                vfscanf
 .text.avr-libc
                0x0000fc28       0x10 c:/program files/avr8-gnu-toolchain-win32_x86/bin/../lib/gcc/avr/5.4.0/../../../../avr/lib/avrxmega7\libc.a(isspace.o)
                0x0000fc28                isspace
 .text.avr-libc
                0x0000fc38       0x16 c:/program files/avr8-gnu-toolchain-win32_x86/bin/../lib/gcc/avr/5.4.0/../../../../avr/lib/avrxmega7\libc.a(strchr_P.o)
                0x0000fc38                strchr_P
 .text.avr-libc
                0x0000fc4e       0x16 c:/program files/avr8-gnu-toolchain-win32_x86/bin/../lib/gcc/avr/5.4.0/../../../../avr/lib/avrxmega7\libc.a(strnlen_P.o)
                0x0000fc4e                strnlen_P
 .text.avr-libc
                0x0000fc64       0x16 c:/program files/avr8-gnu-toolchain-win32_x86/bin/../lib/gcc/avr/5.4.0/../../../../avr/lib/avrxmega7\libc.a(strnlen.o)
                0x0000fc64                strnlen
 .text.avr-libc
                0x0000fc7a       0x7c c:/program files/avr8-gnu-toolchain-win32_x86/bin/../lib/gcc/avr/5.4.0/../../../../avr/lib/avrxmega7\libc.a(fgetc.o)
                0x0000fc7a                fgetc
 .text.avr-libc
                0x0000fcf6       0x78 c:/program files/avr8-gnu-toolchain-win32_x86/bin/../lib/gcc/avr/5.4.0/../../../../avr/lib/avrxmega7\libc.a(fputc.o)
                0x0000fcf6                fputc
 .text.avr-libc
                0x0000fd6e       0x32 c:/program files/avr8-gnu-toolchain-win32_x86/bin/../lib/gcc/avr/5.4.0/../../../../avr/lib/avrxmega7\libc.a(ungetc.o)
                0x0000fd6e                ungetc
 .text.avr-libc
                0x0000fda0       0xbc c:/program files/avr8-gnu-toolchain-win32_x86/bin/../lib/gcc/avr/5.4.0/../../../../avr/lib/avrxmega7\libc.a(ultoa_invert.o)
                0x0000fda0                __ultoa_invert
 .text.avr-libc
                0x0000fe5c        0x6 c:/program files/avr8-gnu-toolchain-win32_x86/bin/../lib/gcc/avr/5.4.0/../../../../avr/lib/avrxmega7\libc.a(cty_isfalse.o)
                0x0000fe5c                __ctype_isfalse
                0x0000fe60                __ctype_istrue
 .text.avr-libc
                0x0000fe62       0x20 c:/program files/avr8-gnu-toolchain-win32_x86/bin/../lib/gcc/avr/5.4.0/../../../../avr/lib/avrxmega7\libatxmega128a4u.a(eerd_byte.o)
                0x0000fe62                eeprom_read_byte
                0x0000fe6a                eeprom_mapen
 .text.avr-libc
                0x0000fe82       0x12 c:/program files/avr8-gnu-toolchain-win32_x86/bin/../lib/gcc/avr/5.4.0/../../../../avr/lib/avrxmega7\libatxmega128a4u.a(eeupd_byte.o)
                0x0000fe82                eeprom_update_byte
                0x0000fe84                eeprom_update_r18
 .text.avr-libc
                0x0000fe94        0x8 c:/program files/avr8-gnu-toolchain-win32_x86/bin/../lib/gcc/avr/5.4.0/../../../../avr/lib/avrxmega7\libatxmega128a4u.a(eeupd_word.o)
                0x0000fe94                eeprom_update_word
 .text.avr-libc
                0x0000fe9c       0x46 c:/program files/avr8-gnu-toolchain-win32_x86/bin/../lib/gcc/avr/5.4.0/../../../../avr/lib/avrxmega7\libatxmega128a4u.a(eewr_byte.o)
                0x0000fe9c                eeprom_write_byte
                0x0000fe9e                eeprom_write_r18
 .text.libgcc.div
                0x0000fee2       0x28 c:/program files/avr8-gnu-toolchain-win32_x86/bin/../lib/gcc/avr/5.4.0/avrxmega7\libgcc.a(_divmodsi4.o)
                0x0000fee2                __divmodsi4
 .text.libgcc.div
                0x0000ff0a       0x10 c:/program files/avr8-gnu-toolchain-win32_x86/bin/../lib/gcc/avr/5.4.0/avrxmega7\libgcc.a(_negsi2.o)
                0x0000ff0a                __negsi2
 .text.libgcc.div
                0x0000ff1a       0x44 c:/program files/avr8-gnu-toolchain-win32_x86/bin/../lib/gcc/avr/5.4.0/avrxmega7\libgcc.a(_udivmodsi4.o)
                0x0000ff1a                __udivmodsi4
                0x0000ff5e                . = ALIGN (0x2)
 *(.fini9)
 .fini9         0x0000ff5e        0x0 c:/program files/avr8-gnu-toolchain-win32_x86/bin/../lib/gcc/avr/5.4.0/avrxmega7\libgcc.a(_exit.o)
                0x0000ff5e                _exit
                0x0000ff5e                exit
 *(.fini9)
 *(.fini8)
 *(.fini8)
 *(.fini7)
 *(.fini7)
 *(.fini6)
 *(.fini6)
 *(.fini5)
 *(.fini5)
 *(.fini4)
 *(.fini4)
 *(.fini3)
 *(.fini3)
 *(.fini2)
 *(.fini2)
 *(.fini1)
 *(.fini1)
 *(.fini0)
 .fini0         0x0000ff5e        0x4 c:/program files/avr8-gnu-toolchain-win32_x86/bin/../lib/gcc/avr/5.4.0/avrxmega7\libgcc.a(_exit.o)
 *(.fini0)
                0x0000ff62                _etext = .

.data           0x00802000      0x48c load address 0x0000ff62
                0x00802000                PROVIDE (__data_start, .)
 *(.data)
 .data          0x00802000        0x2 Bin/Log.o
 .data          0x00802002       0x1c Bin/Terminal.o
                0x00802003                TerminalHandle
 .data          0x0080201e        0x2 Bin/Codec.o
                0x0080201e                Reader_FWT
 .data          0x00802020        0x2 Bin/Sniff14443A.o
 .data          0x00802022        0x4 c:/program files/avr8-gnu-toolchain-win32_x86/bin/../lib/gcc/avr/5.4.0/../../../../avr/lib/avrxmega7\libc.a(rand.o)
 *(.data*)
 *(.gnu.linkonce.d*)
 *(.rodata)
 .rodata        0x00802026       0x1a Bin/ISO14443-2A.o
 .rodata        0x00802040       0x10 Bin/MifareClassic.o
 .rodata        0x00802050      0x360 Bin/Crypto1.o
 .rodata        0x008023b0       0x18 Bin/ISO15693.o
 *(.rodata*)
 .rodata.str1.1
                0x008023c8       0x10 Bin/Button.o
 .rodata.str1.1
                0x008023d8       0x10 Bin/Commands.o
                                  0x1 (size before relaxing)
 .rodata.str1.1
                0x008023d8       0xb1 Bin/Reader14443A.o
 .rodata.str1.1
                0x00802489        0x6 Bin/Sniff14443A.o
 .rodata.str1.1
                0x00802489        0x3 Bin/NFC_Command.o
 *(.gnu.linkonce.r*)
                0x00802490                . = ALIGN (0x2)
                0x00802490                _edata = .
                0x00802490                PROVIDE (__data_end, .)

.bss            0x0080248c     0x1349
                0x0080248c                PROVIDE (__bss_start, .)
 *(.bss)
 .bss           0x0080248c        0x1 Bin/Memory.o
 .bss           0x0080248d        0x2 Bin/Button.o
 .bss           0x0080248f      0x805 Bin/Log.o
 .bss           0x00802c94        0x4 Bin/LED.o
                0x00802c94                LEDRedAction
                0x00802c95                LEDGreenAction
 .bss           0x00802c98        0x1 Bin/Terminal.o
                0x00802c98                TerminalState
 .bss           0x00802c99        0xe Bin/XModem.o
 .bss           0x00802ca7        0x7 Bin/CommandLine.o
                0x00802ca7                CommandLinePendingTaskTimeout
 .bss           0x00802cae        0x9 Bin/Codec.o
 .bss           0x00802cb7        0x2 Bin/ISO14443-2A.o
 .bss           0x00802cb9        0x6 Bin/Reader14443-2A.o
 .bss           0x00802cbf        0xa Bin/SniffISO14443-2A.o
 .bss           0x00802cc9       0x29 Bin/MifareUltralight.o
 .bss           0x00802cf2       0x24 Bin/MifareClassic.o
 .bss           0x00802d16        0x6 Bin/Crypto1.o
 .bss           0x00802d1c       0xdc Bin/Reader14443A.o
                0x00802d1c                Reader14443CurrentCommand
 .bss           0x00802df8       0x7a Bin/Sniff14443A.o
                0x00802df8                Sniff14443CurrentCommand
 .bss           0x00802e72       0x22 Bin/NFC_Command.o
                0x00802e72                t
 .bss           0x00802e94        0x9 Bin/NTAG215.o
 .bss           0x00802e9d        0xf Bin/ISO15693.o
 .bss           0x00802eac        0x1 Bin/Vicinity.o
 .bss           0x00802ead        0x1 Bin/Sl2s2002.o
 .bss           0x00802eae        0x5 Bin/TITagitstandard.o
                0x00802eae                FactoryLockBits_Mask
                0x00802eb0                UserLockBits_Mask
 .bss           0x00802eb3        0x1 Bin/EM4233.o
 *(.bss*)
 *(COMMON)
 COMMON         0x00802eb4      0x109 Bin/Chameleon-Mini.o
                0x00802eb4                TrafficSource
                0x00802eb5                isr_func_CODEC_TIMER_LOADMOD_CCB_VECT
                0x00802eb7                isr_func_TCD0_CCC_vect
                0x00802eb9                ReaderSendBuffer
                0x00802fb9                isr_func_CODEC_DEMOD_IN_INT0_VECT
                0x00802fbb                ReaderSendBitCount
 COMMON         0x00802fbd       0x19 Bin/Configuration.o
                0x00802fbd                ActiveConfiguration
 COMMON         0x00802fd6        0x2 Bin/Log.o
                0x00802fd6                CurrentLogFunc
 COMMON         0x00802fd8       0x63 Bin/Settings.o
                0x00802fd8                GlobalSettings
 COMMON         0x0080303b      0x200 Bin/Terminal.o
                0x0080303b                TerminalBuffer
 COMMON         0x0080323b        0x2 Bin/CommandLine.o
                0x0080323b                NFCResponse
 COMMON         0x0080323d      0x200 Bin/Codec.o
                0x0080323d                CodecBuffer
                0x0080333d                CodecBuffer2
 COMMON         0x0080343d        0xa Bin/TITagitstandard.o
                0x0080343d                MyAFI
                0x0080343e                FrameInfo
 COMMON         0x00803447        0x1 Bin/EM4233.o
                0x00803447                loggedIn
 COMMON         0x00803448        0x3 Bin/DeviceStandardReq.o
                0x00803448                USB_Device_ConfigurationNumber
                0x00803449                USB_Device_CurrentlySelfPowered
                0x0080344a                USB_Device_RemoteWakeupEnabled
 COMMON         0x0080344b        0xa Bin/USBTask.o
                0x0080344b                USB_IsInitialized
                0x0080344c                USB_DeviceState
                0x0080344d                USB_ControlRequest
 COMMON         0x00803455      0x31d Bin/Endpoint_XMEGA.o
                0x00803455                USB_Endpoint_SelectedFIFO
                0x00803457                USB_Endpoint_SelectedHandle
                0x00803459                USB_Endpoint_SelectedEndpoint
                0x0080345a                USB_Endpoint_FIFOs
 COMMON         0x00803772       0x63 Bin/USBController_XMEGA.o
                0x00803772                USB_EndpointTable
                0x008037d5                PROVIDE (__bss_end, .)
                0x0000ff62                __data_load_start = LOADADDR (.data)
                0x000103ee                __data_load_end = (__data_load_start + SIZEOF (.data))

.noinit         0x008037d5        0x0
                [!provide]                PROVIDE (__noinit_start, .)
 *(.noinit*)
                [!provide]                PROVIDE (__noinit_end, .)
                0x008037d5                _end = .
                [!provide]                PROVIDE (__heap_start, .)

.eeprom         0x00810000       0x64
 *(.eeprom*)
 .eeprom        0x00810000        0x1 Bin/Log.o
 .eeprom        0x00810001       0x63 Bin/Settings.o
                0x00810001                StoredSettings
                0x00810064                __eeprom_end = .

.fuse
 *(.fuse)
 *(.lfuse)
 *(.hfuse)
 *(.efuse)

.lock
 *(.lock*)

.signature
 *(.signature*)

.user_signatures
 *(.user_signatures*)

.stab
 *(.stab)

.stabstr
 *(.stabstr)

.stab.excl
 *(.stab.excl)

.stab.exclstr
 *(.stab.exclstr)

.stab.index
 *(.stab.index)

.stab.indexstr
 *(.stab.indexstr)

.comment        0x00000000       0x5c
 *(.comment)
 .comment       0x00000000       0x30 Bin/Chameleon-Mini.o
                                 0x31 (size before relaxing)
 .comment       0x00000030       0x31 Bin/LUFADescriptors.o
 .comment       0x00000030       0x31 Bin/System.o
 .comment       0x00000030       0x31 Bin/Configuration.o
 .comment       0x00000030       0x31 Bin/Random.o
 .comment       0x00000030       0x31 Bin/Common.o
 .comment       0x00000030       0x31 Bin/Memory.o
 .comment       0x00000030       0x31 Bin/Button.o
 .comment       0x00000030       0x31 Bin/Log.o
 .comment       0x00000030       0x31 Bin/Settings.o
 .comment       0x00000030       0x31 Bin/LED.o
 .comment       0x00000030       0x31 Bin/Map.o
 .comment       0x00000030       0x31 Bin/AntennaLevel.o
 .comment       0x00000030       0x31 Bin/Terminal.o
 .comment       0x00000030       0x31 Bin/Commands.o
 .comment       0x00000030       0x31 Bin/XModem.o
 .comment       0x00000030       0x31 Bin/CommandLine.o
 .comment       0x00000030       0x31 Bin/Codec.o
 .comment       0x00000030       0x31 Bin/ISO14443-2A.o
 .comment       0x00000030       0x31 Bin/Reader14443-2A.o
 .comment       0x00000030       0x31 Bin/SniffISO14443-2A.o
 .comment       0x00000030       0x31 Bin/MifareUltralight.o
 .comment       0x00000030       0x31 Bin/MifareClassic.o
 .comment       0x00000030       0x31 Bin/ISO14443-3A.o
 .comment       0x00000030       0x31 Bin/Crypto1.o
 .comment       0x00000030       0x31 Bin/Reader14443A.o
 .comment       0x00000030       0x31 Bin/Sniff14443A.o
 .comment       0x00000030       0x31 Bin/NFC_Command.o
 .comment       0x00000030       0x31 Bin/NTAG215.o
 .comment       0x00000030       0x31 Bin/ISO15693.o
 .comment       0x00000030       0x31 Bin/Vicinity.o
 .comment       0x00000030       0x31 Bin/Sl2s2002.o
 .comment       0x00000030       0x31 Bin/TITagitstandard.o
 .comment       0x00000030       0x31 Bin/ISO15693-A.o
 .comment       0x00000030       0x31 Bin/EM4233.o
 .comment       0x00000030       0x31 Bin/DeviceStandardReq.o
 .comment       0x00000030       0x31 Bin/Events.o
 .comment       0x00000030       0x31 Bin/USBTask.o
 .comment       0x00000030       0x31 Bin/EndpointStream_XMEGA.o
 .comment       0x00000030       0x31 Bin/Endpoint_XMEGA.o
 .comment       0x00000030       0x31 Bin/USBController_XMEGA.o
 .comment       0x00000030       0x31 Bin/USBInterrupt_XMEGA.o
 .comment       0x00000030       0x31 Bin/CDCClassDevice.o
 .comment       0x00000030       0x31 c:/program files/avr8-gnu-toolchain-win32_x86/bin/../lib/gcc/avr/5.4.0/../../../../avr/lib/avrxmega7\libc.a(rand.o)
 .comment       0x00000030       0x31 c:/program files/avr8-gnu-toolchain-win32_x86/bin/../lib/gcc/avr/5.4.0/../../../../avr/lib/avrxmega7\libc.a(snprintf.o)
 .comment       0x00000030       0x31 c:/program files/avr8-gnu-toolchain-win32_x86/bin/../lib/gcc/avr/5.4.0/../../../../avr/lib/avrxmega7\libc.a(snprintf_p.o)
 .comment       0x00000030       0x31 c:/program files/avr8-gnu-toolchain-win32_x86/bin/../lib/gcc/avr/5.4.0/../../../../avr/lib/avrxmega7\libc.a(sscanf_p.o)
 .comment       0x00000030       0x2c c:/program files/avr8-gnu-toolchain-win32_x86/bin/../lib/gcc/avr/5.4.0/../../../../avr/lib/avrxmega7\libc.a(vfprintf_std.o)
                                 0x2d (size before relaxing)
 .comment       0x0000005c       0x2d c:/program files/avr8-gnu-toolchain-win32_x86/bin/../lib/gcc/avr/5.4.0/../../../../avr/lib/avrxmega7\libc.a(vfscanf_std.o)
 .comment       0x0000005c       0x31 c:/program files/avr8-gnu-toolchain-win32_x86/bin/../lib/gcc/avr/5.4.0/../../../../avr/lib/avrxmega7\libc.a(fgetc.o)
 .comment       0x0000005c       0x31 c:/program files/avr8-gnu-toolchain-win32_x86/bin/../lib/gcc/avr/5.4.0/../../../../avr/lib/avrxmega7\libc.a(fputc.o)
 .comment       0x0000005c       0x31 c:/program files/avr8-gnu-toolchain-win32_x86/bin/../lib/gcc/avr/5.4.0/../../../../avr/lib/avrxmega7\libc.a(ungetc.o)

.note.gnu.avr.deviceinfo
                0x00000000       0x40
 .note.gnu.avr.deviceinfo
                0x00000000       0x40 c:/program files/avr8-gnu-toolchain-win32_x86/bin/../lib/gcc/avr/5.4.0/../../../../avr/lib/avrxmega7/crtatxmega128a4u.o

.note.gnu.build-id
 *(.note.gnu.build-id)

.debug
 *(.debug)

.line
 *(.line)

.debug_srcinfo
 *(.debug_srcinfo)

.debug_sfnames
 *(.debug_sfnames)

.debug_aranges  0x00000000     0x1008
 *(.debug_aranges)
 .debug_aranges
                0x00000000       0x20 Bin/Chameleon-Mini.o
 .debug_aranges
                0x00000020       0x20 Bin/LUFADescriptors.o
 .debug_aranges
                0x00000040       0x58 Bin/System.o
 .debug_aranges
                0x00000098       0x20 Bin/ISRSharing.o
 .debug_aranges
                0x000000b8       0x58 Bin/Configuration.o
 .debug_aranges
                0x00000110       0x38 Bin/Random.o
 .debug_aranges
                0x00000148       0x28 Bin/Common.o
 .debug_aranges
                0x00000170       0x78 Bin/Memory.o
 .debug_aranges
                0x000001e8       0x28 Bin/MemoryAsm.o
 .debug_aranges
                0x00000210       0x50 Bin/Button.o
 .debug_aranges
                0x00000260       0x88 Bin/Log.o
 .debug_aranges
                0x000002e8       0x50 Bin/Settings.o
 .debug_aranges
                0x00000338       0x48 Bin/LED.o
 .debug_aranges
                0x00000380       0x30 Bin/Map.o
 .debug_aranges
                0x000003b0       0x20 Bin/AntennaLevel.o
 .debug_aranges
                0x000003d0       0x68 Bin/Terminal.o
 .debug_aranges
                0x00000438      0x1d0 Bin/Commands.o
 .debug_aranges
                0x00000608       0x38 Bin/XModem.o
 .debug_aranges
                0x00000640       0x60 Bin/CommandLine.o
 .debug_aranges
                0x000006a0       0x58 Bin/Codec.o
 .debug_aranges
                0x000006f8       0x50 Bin/ISO14443-2A.o
 .debug_aranges
                0x00000748       0x68 Bin/Reader14443-2A.o
 .debug_aranges
                0x000007b0       0x60 Bin/SniffISO14443-2A.o
 .debug_aranges
                0x00000810       0x20 Bin/Reader14443-ISR.o
 .debug_aranges
                0x00000830       0x80 Bin/MifareUltralight.o
 .debug_aranges
                0x000008b0       0x68 Bin/MifareClassic.o
 .debug_aranges
                0x00000918       0x28 Bin/ISO14443-3A.o
 .debug_aranges
                0x00000940       0x70 Bin/Crypto1.o
 .debug_aranges
                0x000009b0       0x78 Bin/Reader14443A.o
 .debug_aranges
                0x00000a28       0x40 Bin/Sniff14443A.o
 .debug_aranges
                0x00000a68       0x20 Bin/CryptoTDEA.o
 .debug_aranges
                0x00000a88       0x58 Bin/NFC_Command.o
 .debug_aranges
                0x00000ae0       0x48 Bin/NTAG215.o
 .debug_aranges
                0x00000b28       0x50 Bin/ISO15693.o
 .debug_aranges
                0x00000b78       0x40 Bin/Vicinity.o
 .debug_aranges
                0x00000bb8       0x40 Bin/Sl2s2002.o
 .debug_aranges
                0x00000bf8       0x50 Bin/TITagitstandard.o
 .debug_aranges
                0x00000c48       0x40 Bin/ISO15693-A.o
 .debug_aranges
                0x00000c88       0xc0 Bin/EM4233.o
 .debug_aranges
                0x00000d48       0x20 Bin/DeviceStandardReq.o
 .debug_aranges
                0x00000d68       0x20 Bin/Events.o
 .debug_aranges
                0x00000d88       0x20 Bin/USBTask.o
 .debug_aranges
                0x00000da8       0xc8 Bin/EndpointStream_XMEGA.o
 .debug_aranges
                0x00000e70       0x90 Bin/Endpoint_XMEGA.o
 .debug_aranges
                0x00000f00       0x30 Bin/USBController_XMEGA.o
 .debug_aranges
                0x00000f30       0x30 Bin/USBInterrupt_XMEGA.o
 .debug_aranges
                0x00000f60       0xa8 Bin/CDCClassDevice.o

.debug_pubnames
 *(.debug_pubnames)

.debug_info     0x00000000    0x39011
 *(.debug_info .gnu.linkonce.wi.*)
 .debug_info    0x00000000     0x284f c:/program files/avr8-gnu-toolchain-win32_x86/bin/../lib/gcc/avr/5.4.0/../../../../avr/lib/avrxmega7/crtatxmega128a4u.o
 .debug_info    0x0000284f     0x2559 Bin/Chameleon-Mini.o
 .debug_info    0x00004da8      0x960 Bin/LUFADescriptors.o
 .debug_info    0x00005708      0xd23 Bin/System.o
 .debug_info    0x0000642b       0x9d Bin/ISRSharing.o
 .debug_info    0x000064c8      0xe97 Bin/Configuration.o
 .debug_info    0x0000735f      0x1aa Bin/Random.o
 .debug_info    0x00007509      0x1fe Bin/Common.o
 .debug_info    0x00007707     0x1d10 Bin/Memory.o
 .debug_info    0x00009417       0x98 Bin/MemoryAsm.o
 .debug_info    0x000094af     0x190f Bin/Button.o
 .debug_info    0x0000adbe     0x147c Bin/Log.o
 .debug_info    0x0000c23a      0xcd2 Bin/Settings.o
 .debug_info    0x0000cf0c      0xd80 Bin/LED.o
 .debug_info    0x0000dc8c      0x33b Bin/Map.o
 .debug_info    0x0000dfc7      0xf7e Bin/AntennaLevel.o
 .debug_info    0x0000ef45      0xf8a Bin/Terminal.o
 .debug_info    0x0000fecf     0x38c5 Bin/Commands.o